Archive member included to satisfy reference by file (symbol)

C:\Users\Ahmed\Documents\GitHub\GOS2022\Projects\PortTest\GOS2022_lib\Build_stm32f411xe\libGOS2022_lib.a(drv_gpio.o)
                              ./Driver/src/driver.o (drv_gpioInit)
C:\Users\Ahmed\Documents\GitHub\GOS2022\Projects\PortTest\GOS2022_lib\Build_stm32f411xe\libGOS2022_lib.a(drv_it.o)
                              ./Driver/src/driver.o (drv_itInit)
C:\Users\Ahmed\Documents\GitHub\GOS2022\Projects\PortTest\GOS2022_lib\Build_stm32f411xe\libGOS2022_lib.a(drv_systimer.o)
                              ./Driver/src/driver.o (drv_systimerStart)
C:\Users\Ahmed\Documents\GitHub\GOS2022\Projects\PortTest\GOS2022_lib\Build_stm32f411xe\libGOS2022_lib.a(drv_tmr.o)
                              ./Driver/src/driver.o (drv_tmrInit)
C:\Users\Ahmed\Documents\GitHub\GOS2022\Projects\PortTest\GOS2022_lib\Build_stm32f411xe\libGOS2022_lib.a(drv_trace.o)
                              ./Core/Src/app.o (drv_traceTransmitUnsafe)
C:\Users\Ahmed\Documents\GitHub\GOS2022\Projects\PortTest\GOS2022_lib\Build_stm32f411xe\libGOS2022_lib.a(drv_uart.o)
                              ./Driver/src/driver.o (drv_uartInit)
C:\Users\Ahmed\Documents\GitHub\GOS2022\Projects\PortTest\GOS2022_lib\Build_stm32f411xe\libGOS2022_lib.a(svl_dsm.o)
                              ./Core/Src/app.o (svl_dsmInit)
C:\Users\Ahmed\Documents\GitHub\GOS2022\Projects\PortTest\GOS2022_lib\Build_stm32f411xe\libGOS2022_lib.a(svl_pdh.o)
                              C:\Users\Ahmed\Documents\GitHub\GOS2022\Projects\PortTest\GOS2022_lib\Build_stm32f411xe\libGOS2022_lib.a(svl_dsm.o) (svl_pdhGetLibVersion)
C:\Users\Ahmed\Documents\GitHub\GOS2022\Projects\PortTest\GOS2022\Debug\libGOS2022.a(gos_driver.o)
                              ./Core/Src/app.o (gos_driverInit)
C:\Users\Ahmed\Documents\GitHub\GOS2022\Projects\PortTest\GOS2022\Debug\libGOS2022.a(gos_trace_driver.o)
                              C:\Users\Ahmed\Documents\GitHub\GOS2022\Projects\PortTest\GOS2022_lib\Build_stm32f411xe\libGOS2022_lib.a(svl_dsm.o) (gos_traceDriverTransmitString_Unsafe)
C:\Users\Ahmed\Documents\GitHub\GOS2022\Projects\PortTest\GOS2022\Debug\libGOS2022.a(gos_kernel.o)
                              C:\Users\Ahmed\Documents\GitHub\GOS2022\Projects\PortTest\GOS2022_lib\Build_stm32f411xe\libGOS2022_lib.a(drv_gpio.o) (schedDisableCntr)
C:\Users\Ahmed\Documents\GitHub\GOS2022\Projects\PortTest\GOS2022\Debug\libGOS2022.a(gos_task.o)
                              C:\Users\Ahmed\Documents\GitHub\GOS2022\Projects\PortTest\GOS2022\Debug\libGOS2022.a(gos_kernel.o) (taskDescriptors)
C:\Users\Ahmed\Documents\GitHub\GOS2022\Projects\PortTest\GOS2022\Debug\libGOS2022.a(gos.o)
                              C:/ST/STM32CubeIDE_1.17.0/STM32CubeIDE/plugins/com.st.stm32cube.ide.mcu.externaltools.gnu-tools-for-stm32.12.3.rel1.win32_1.1.0.202410251130/tools/bin/../lib/gcc/arm-none-eabi/12.3.1/../../../../arm-none-eabi/lib/thumb/v7e-m+fp/hard/crt0.o (main)
C:\Users\Ahmed\Documents\GitHub\GOS2022\Projects\PortTest\GOS2022\Debug\libGOS2022.a(gos_error.o)
                              C:\Users\Ahmed\Documents\GitHub\GOS2022\Projects\PortTest\GOS2022\Debug\libGOS2022.a(gos.o) (gos_printStartupLogo)
C:\Users\Ahmed\Documents\GitHub\GOS2022\Projects\PortTest\GOS2022\Debug\libGOS2022.a(gos_gcp.o)
                              C:\Users\Ahmed\Documents\GitHub\GOS2022\Projects\PortTest\GOS2022\Debug\libGOS2022.a(gos.o) (gos_gcpInit)
C:\Users\Ahmed\Documents\GitHub\GOS2022\Projects\PortTest\GOS2022\Debug\libGOS2022.a(gos_message.o)
                              C:\Users\Ahmed\Documents\GitHub\GOS2022\Projects\PortTest\GOS2022\Debug\libGOS2022.a(gos.o) (gos_messageInit)
C:\Users\Ahmed\Documents\GitHub\GOS2022\Projects\PortTest\GOS2022\Debug\libGOS2022.a(gos_mutex.o)
                              C:\Users\Ahmed\Documents\GitHub\GOS2022\Projects\PortTest\GOS2022_lib\Build_stm32f411xe\libGOS2022_lib.a(drv_tmr.o) (gos_mutexInit)
C:\Users\Ahmed\Documents\GitHub\GOS2022\Projects\PortTest\GOS2022\Debug\libGOS2022.a(gos_queue.o)
                              C:\Users\Ahmed\Documents\GitHub\GOS2022\Projects\PortTest\GOS2022\Debug\libGOS2022.a(gos.o) (gos_queueInit)
C:\Users\Ahmed\Documents\GitHub\GOS2022\Projects\PortTest\GOS2022\Debug\libGOS2022.a(gos_shell.o)
                              C:\Users\Ahmed\Documents\GitHub\GOS2022\Projects\PortTest\GOS2022\Debug\libGOS2022.a(gos.o) (gos_shellInit)
C:\Users\Ahmed\Documents\GitHub\GOS2022\Projects\PortTest\GOS2022\Debug\libGOS2022.a(gos_signal.o)
                              C:\Users\Ahmed\Documents\GitHub\GOS2022\Projects\PortTest\GOS2022\Debug\libGOS2022.a(gos.o) (gos_signalInit)
C:\Users\Ahmed\Documents\GitHub\GOS2022\Projects\PortTest\GOS2022\Debug\libGOS2022.a(gos_sysmon.o)
                              C:\Users\Ahmed\Documents\GitHub\GOS2022\Projects\PortTest\GOS2022\Debug\libGOS2022.a(gos.o) (gos_sysmonInit)
C:\Users\Ahmed\Documents\GitHub\GOS2022\Projects\PortTest\GOS2022\Debug\libGOS2022.a(gos_time.o)
[...]
Memory Configuration

Name             Origin             Length             Attributes
RAM              0x20000000         0x00020000         xrw
FLASH            0x08000000         0x00080000         xr
*default*        0x00000000         0xffffffff

Linker script and memory map

LOAD C:/ST/STM32CubeIDE_1.17.0/STM32CubeIDE/plugins/com.st.stm32cube.ide.mcu.externaltools.gnu-tools-for-stm32.12.3.rel1.win32_1.1.0.202410251130/tools/bin/../lib/gcc/arm-none-eabi/12.3.1/thumb/v7e-m+fp/hard/crti.o
LOAD C:/ST/STM32CubeIDE_1.17.0/STM32CubeIDE/plugins/com.st.stm32cube.ide.mcu.externaltools.gnu-tools-for-stm32.12.3.rel1.win32_1.1.0.202410251130/tools/bin/../lib/gcc/arm-none-eabi/12.3.1/thumb/v7e-m+fp/hard/crtbegin.o
LOAD C:/ST/STM32CubeIDE_1.17.0/STM32CubeIDE/plugins/com.st.stm32cube.ide.mcu.externaltools.gnu-tools-for-stm32.12.3.rel1.win32_1.1.0.202410251130/tools/bin/../lib/gcc/arm-none-eabi/12.3.1/../../../../arm-none-eabi/lib/thumb/v7e-m+fp/hard/crt0.o
LOAD ./Core/Src/app.o
LOAD ./Core/Src/app_led.o
LOAD ./Core/Src/syscalls.o
LOAD ./Core/Src/sysmem.o
LOAD ./Core/Src/system_stm32f4xx.o
LOAD ./Core/Startup/startup_stm32f411retx.o
LOAD ./Driver/cfg/dma_cfg.o
LOAD ./Driver/cfg/dsm_cfg.o
LOAD ./Driver/cfg/gpio_cfg.o
LOAD ./Driver/cfg/i2c_cfg.o
LOAD ./Driver/cfg/it_cfg.o
LOAD ./Driver/cfg/spi_cfg.o
LOAD ./Driver/cfg/tmr_cfg.o
LOAD ./Driver/cfg/uart_cfg.o
LOAD ./Driver/src/driver.o
LOAD ./Driver/src/rcc_driver.o
LOAD ./Drivers/STM32F4xx_HAL_Driver/Src/stm32f4xx_hal.o
LOAD ./Drivers/STM32F4xx_HAL_Driver/Src/stm32f4xx_hal_cortex.o
LOAD ./Drivers/STM32F4xx_HAL_Driver/Src/stm32f4xx_hal_dma.o
LOAD ./Drivers/STM32F4xx_HAL_Driver/Src/stm32f4xx_hal_dma_ex.o
LOAD ./Drivers/STM32F4xx_HAL_Driver/Src/stm32f4xx_hal_exti.o
LOAD ./Drivers/STM32F4xx_HAL_Driver/Src/stm32f4xx_hal_flash.o
LOAD ./Drivers/STM32F4xx_HAL_Driver/Src/stm32f4xx_hal_flash_ex.o
LOAD ./Drivers/STM32F4xx_HAL_Driver/Src/stm32f4xx_hal_flash_ramfunc.o
LOAD ./Drivers/STM32F4xx_HAL_Driver/Src/stm32f4xx_hal_gpio.o
LOAD ./Drivers/STM32F4xx_HAL_Driver/Src/stm32f4xx_hal_i2c.o
LOAD ./Drivers/STM32F4xx_HAL_Driver/Src/stm32f4xx_hal_i2c_ex.o
LOAD ./Drivers/STM32F4xx_HAL_Driver/Src/stm32f4xx_hal_pwr.o
LOAD ./Drivers/STM32F4xx_HAL_Driver/Src/stm32f4xx_hal_pwr_ex.o
LOAD ./Drivers/STM32F4xx_HAL_Driver/Src/stm32f4xx_hal_rcc.o
LOAD ./Drivers/STM32F4xx_HAL_Driver/Src/stm32f4xx_hal_rcc_ex.o
LOAD ./Drivers/STM32F4xx_HAL_Driver/Src/stm32f4xx_hal_spi.o
LOAD ./Drivers/STM32F4xx_HAL_Driver/Src/stm32f4xx_hal_tim.o
LOAD ./Drivers/STM32F4xx_HAL_Driver/Src/stm32f4xx_hal_tim_ex.o
LOAD ./Drivers/STM32F4xx_HAL_Driver/Src/stm32f4xx_hal_uart.o
LOAD C:\Users\Ahmed\Documents\GitHub\GOS2022\Projects\PortTest\GOS2022_lib\Build_stm32f411xe\libGOS2022_lib.a
LOAD C:\Users\Ahmed\Documents\GitHub\GOS2022\Projects\PortTest\GOS2022\Debug\libGOS2022.a
START GROUP
LOAD C:/ST/STM32CubeIDE_1.17.0/STM32CubeIDE/plugins/com.st.stm32cube.ide.mcu.externaltools.gnu-tools-for-stm32.12.3.rel1.win32_1.1.0.202410251130/tools/bin/../lib/gcc/arm-none-eabi/12.3.1/../../../../arm-none-eabi/lib/thumb/v7e-m+fp/hard\libc_nano.a
LOAD C:/ST/STM32CubeIDE_1.17.0/STM32CubeIDE/plugins/com.st.stm32cube.ide.mcu.externaltools.gnu-tools-for-stm32.12.3.rel1.win32_1.1.0.202410251130/tools/bin/../lib/gcc/arm-none-eabi/12.3.1/../../../../arm-none-eabi/lib/thumb/v7e-m+fp/hard\libm.a
END GROUP
START GROUP
LOAD C:/ST/STM32CubeIDE_1.17.0/STM32CubeIDE/plugins/com.st.stm32cube.ide.mcu.externaltools.gnu-tools-for-stm32.12.3.rel1.win32_1.1.0.202410251130/tools/bin/../lib/gcc/arm-none-eabi/12.3.1/thumb/v7e-m+fp/hard\libgcc.a
LOAD C:/ST/STM32CubeIDE_1.17.0/STM32CubeIDE/plugins/com.st.stm32cube.ide.mcu.externaltools.gnu-tools-for-stm32.12.3.rel1.win32_1.1.0.202410251130/tools/bin/../lib/gcc/arm-none-eabi/12.3.1/../../../../arm-none-eabi/lib/thumb/v7e-m+fp/hard\libc_nano.a
END GROUP
START GROUP
LOAD C:/ST/STM32CubeIDE_1.17.0/STM32CubeIDE/plugins/com.st.stm32cube.ide.mcu.externaltools.gnu-tools-for-stm32.12.3.rel1.win32_1.1.0.202410251130/tools/bin/../lib/gcc/arm-none-eabi/12.3.1/thumb/v7e-m+fp/hard\libgcc.a
LOAD C:/ST/STM32CubeIDE_1.17.0/STM32CubeIDE/plugins/com.st.stm32cube.ide.mcu.externaltools.gnu-tools-for-stm32.12.3.rel1.win32_1.1.0.202410251130/tools/bin/../lib/gcc/arm-none-eabi/12.3.1/../../../../arm-none-eabi/lib/thumb/v7e-m+fp/hard\libc_nano.a
LOAD C:/ST/STM32CubeIDE_1.17.0/STM32CubeIDE/plugins/com.st.stm32cube.ide.mcu.externaltools.gnu-tools-for-stm32.12.3.rel1.win32_1.1.0.202410251130/tools/bin/../lib/gcc/arm-none-eabi/12.3.1/../../../../arm-none-eabi/lib/thumb/v7e-m+fp/hard\libnosys.a
END GROUP
START GROUP
LOAD C:/ST/STM32CubeIDE_1.17.0/STM32CubeIDE/plugins/com.st.stm32cube.ide.mcu.externaltools.gnu-tools-for-stm32.12.3.rel1.win32_1.1.0.202410251130/tools/bin/../lib/gcc/arm-none-eabi/12.3.1/thumb/v7e-m+fp/hard\libgcc.a
LOAD C:/ST/STM32CubeIDE_1.17.0/STM32CubeIDE/plugins/com.st.stm32cube.ide.mcu.externaltools.gnu-tools-for-stm32.12.3.rel1.win32_1.1.0.202410251130/tools/bin/../lib/gcc/arm-none-eabi/12.3.1/../../../../arm-none-eabi/lib/thumb/v7e-m+fp/hard\libc_nano.a
LOAD C:/ST/STM32CubeIDE_1.17.0/STM32CubeIDE/plugins/com.st.stm32cube.ide.mcu.externaltools.gnu-tools-for-stm32.12.3.rel1.win32_1.1.0.202410251130/tools/bin/../lib/gcc/arm-none-eabi/12.3.1/../../../../arm-none-eabi/lib/thumb/v7e-m+fp/hard\libnosys.a
END GROUP
LOAD C:/ST/STM32CubeIDE_1.17.0/STM32CubeIDE/plugins/com.st.stm32cube.ide.mcu.externaltools.gnu-tools-for-stm32.12.3.rel1.win32_1.1.0.202410251130/tools/bin/../lib/gcc/arm-none-eabi/12.3.1/thumb/v7e-m+fp/hard/crtend.o
LOAD C:/ST/STM32CubeIDE_1.17.0/STM32CubeIDE/plugins/com.st.stm32cube.ide.mcu.externaltools.gnu-tools-for-stm32.12.3.rel1.win32_1.1.0.202410251130/tools/bin/../lib/gcc/arm-none-eabi/12.3.1/thumb/v7e-m+fp/hard/crtn.o
                0x20020000                        _estack = (ORIGIN (RAM) + LENGTH (RAM))
                0x00000200                        _Min_Heap_Size = 0x200
                0x00000400                        _Min_Stack_Size = 0x400

.isr_vector     0x08000000      0x198
                0x08000000                        . = ALIGN (0x4)
 *(.isr_vector)
 .isr_vector    0x08000000      0x198 ./Core/Startup/startup_stm32f411retx.o
                0x08000000                g_pfnVectors
                0x08000198                        . = ALIGN (0x4)

.text           0x080001a0     0xc7a0
                0x080001a0                        . = ALIGN (0x4)
 *(.text)
 .text          0x080001a0       0x40 C:/ST/STM32CubeIDE_1.17.0/STM32CubeIDE/plugins/com.st.stm32cube.ide.mcu.externaltools.gnu-tools-for-stm32.12.3.rel1.win32_1.1.0.202410251130/tools/bin/../lib/gcc/arm-none-eabi/12.3.1/thumb/v7e-m+fp/hard/crtbegin.o
 .text          0x080001e0       0x14 C:/ST/STM32CubeIDE_1.17.0/STM32CubeIDE/plugins/com.st.stm32cube.ide.mcu.externaltools.gnu-tools-for-stm32.12.3.rel1.win32_1.1.0.202410251130/tools/bin/../lib/gcc/arm-none-eabi/12.3.1/../../../../arm-none-eabi/lib/thumb/v7e-m+fp/hard\libc_nano.a(libc_a-strcmp.o)
                0x080001e0                strcmp
 .text          0x080001f4       0x10 C:/ST/STM32CubeIDE_1.17.0/STM32CubeIDE/plugins/com.st.stm32cube.ide.mcu.externaltools.gnu-tools-for-stm32.12.3.rel1.win32_1.1.0.202410251130/tools/bin/../lib/gcc/arm-none-eabi/12.3.1/../../../../arm-none-eabi/lib/thumb/v7e-m+fp/hard\libc_nano.a(libc_a-strlen.o)
                0x080001f4                strlen
 *fill*         0x08000204        0xc 
 .text          0x08000210       0xa0 C:/ST/STM32CubeIDE_1.17.0/STM32CubeIDE/plugins/com.st.stm32cube.ide.mcu.externaltools.gnu-tools-for-stm32.12.3.rel1.win32_1.1.0.202410251130/tools/bin/../lib/gcc/arm-none-eabi/12.3.1/../../../../arm-none-eabi/lib/thumb/v7e-m+fp/hard\libc_nano.a(libc_a-memchr.o)
                0x08000210                memchr
 .text          0x080002b0       0x30 C:/ST/STM32CubeIDE_1.17.0/STM32CubeIDE/plugins/com.st.stm32cube.ide.mcu.externaltools.gnu-tools-for-stm32.12.3.rel1.win32_1.1.0.202410251130/tools/bin/../lib/gcc/arm-none-eabi/12.3.1/thumb/v7e-m+fp/hard\libgcc.a(_aeabi_uldivmod.o)
                0x080002b0                __aeabi_uldivmod
 .text          0x080002e0      0x2bc C:/ST/STM32CubeIDE_1.17.0/STM32CubeIDE/plugins/com.st.stm32cube.ide.mcu.externaltools.gnu-tools-for-stm32.12.3.rel1.win32_1.1.0.202410251130/tools/bin/../lib/gcc/arm-none-eabi/12.3.1/thumb/v7e-m+fp/hard\libgcc.a(_udivmoddi4.o)
                0x080002e0                __udivmoddi4
 .text          0x0800059c        0x4 C:/ST/STM32CubeIDE_1.17.0/STM32CubeIDE/plugins/com.st.stm32cube.ide.mcu.externaltools.gnu-tools-for-stm32.12.3.rel1.win32_1.1.0.202410251130/tools/bin/../lib/gcc/arm-none-eabi/12.3.1/thumb/v7e-m+fp/hard\libgcc.a(_dvmd_tls.o)
                0x0800059c                __aeabi_idiv0
                0x0800059c                __aeabi_ldiv0
 *(.text*)
 .text.gos_platformDriverInit
                0x080005a0       0x5c ./Core/Src/app.o
                0x080005a0                gos_platformDriverInit
 .text.gos_userApplicationInit
                0x080005fc       0x38 ./Core/Src/app.o
                0x080005fc                gos_userApplicationInit
 .text.APP_LedInit
                0x08000634       0x34 ./Core/Src/app_led.o
                0x08000634                APP_LedInit
 .text.APP_LedTask
                0x08000668       0x16 ./Core/Src/app_led.o
 *fill*         0x0800067e        0x2 
 .text._sbrk    0x08000680       0x6c ./Core/Src/sysmem.o
                0x08000680                _sbrk
 .text.SystemInit
                0x080006ec       0x24 ./Core/Src/system_stm32f4xx.o
                0x080006ec                SystemInit
 .text.Reset_Handler
                0x08000710       0x50 ./Core/Startup/startup_stm32f411retx.o
                0x08000710                Reset_Handler
 .text.Default_Handler
                0x08000760        0x2 ./Core/Startup/startup_stm32f411retx.o
                0x08000760                RTC_Alarm_IRQHandler
                0x08000760                EXTI2_IRQHandler
                0x08000760                DebugMon_Handler
                0x08000760                SPI4_IRQHandler
                0x08000760                TIM1_CC_IRQHandler
                0x08000760                DMA2_Stream5_IRQHandler
                0x08000760                DMA1_Stream5_IRQHandler
                0x08000760                PVD_IRQHandler
                0x08000760                SDIO_IRQHandler
                0x08000760                TAMP_STAMP_IRQHandler
                0x08000760                EXTI3_IRQHandler
                0x08000760                TIM1_UP_TIM10_IRQHandler
                0x08000760                I2C3_ER_IRQHandler
                0x08000760                EXTI0_IRQHandler
                0x08000760                I2C2_EV_IRQHandler
                0x08000760                DMA1_Stream2_IRQHandler
                0x08000760                FPU_IRQHandler
                0x08000760                DMA2_Stream2_IRQHandler
                0x08000760                SPI1_IRQHandler
                0x08000760                TIM1_BRK_TIM9_IRQHandler
                0x08000760                DMA2_Stream3_IRQHandler
                0x08000760                DMA2_Stream0_IRQHandler
                0x08000760                I2C1_EV_IRQHandler
                0x08000760                DMA1_Stream6_IRQHandler
                0x08000760                DMA1_Stream1_IRQHandler
                0x08000760                RCC_IRQHandler
                0x08000760                Default_Handler
                0x08000760                ADC_IRQHandler
                0x08000760                DMA1_Stream7_IRQHandler
                0x08000760                SPI5_IRQHandler
                0x08000760                DMA2_Stream7_IRQHandler
                0x08000760                I2C3_EV_IRQHandler
                0x08000760                RTC_WKUP_IRQHandler
                0x08000760                SPI2_IRQHandler
                0x08000760                DMA1_Stream0_IRQHandler
                0x08000760                EXTI4_IRQHandler
                0x08000760                WWDG_IRQHandler
                0x08000760                OTG_FS_WKUP_IRQHandler
                0x08000760                TIM1_TRG_COM_TIM11_IRQHandler
                0x08000760                EXTI1_IRQHandler
                0x08000760                I2C2_ER_IRQHandler
                0x08000760                DMA2_Stream1_IRQHandler
                0x08000760                FLASH_IRQHandler
                0x08000760                DMA2_Stream4_IRQHandler
                0x08000760                OTG_FS_IRQHandler
                0x08000760                SPI3_IRQHandler
                0x08000760                DMA1_Stream4_IRQHandler
                0x08000760                I2C1_ER_IRQHandler
                0x08000760                DMA2_Stream6_IRQHandler
                0x08000760                DMA1_Stream3_IRQHandler
 *fill*         0x08000762        0x2 
 .text.driver_init
                0x08000764       0x74 ./Driver/src/driver.o
                0x08000764                driver_init
 .text.sysTickHook
                0x080007d8        0xc ./Driver/src/driver.o
 .text.rcc_driver_init
                0x080007e4      0x2e4 ./Driver/src/rcc_driver.o
                0x080007e4                rcc_driver_init
 .text.HAL_Init
                0x08000ac8       0x44 ./Drivers/STM32F4xx_HAL_Driver/Src/stm32f4xx_hal.o
                0x08000ac8                HAL_Init
 .text.HAL_MspInit
                0x08000b0c        0xe ./Drivers/STM32F4xx_HAL_Driver/Src/stm32f4xx_hal.o
                0x08000b0c                HAL_MspInit
 *fill*         0x08000b1a        0x2 
 .text.HAL_InitTick
                0x08000b1c       0x60 ./Drivers/STM32F4xx_HAL_Driver/Src/stm32f4xx_hal.o
                0x08000b1c                HAL_InitTick
 .text.HAL_IncTick
                0x08000b7c       0x28 ./Drivers/STM32F4xx_HAL_Driver/Src/stm32f4xx_hal.o
                0x08000b7c                HAL_IncTick
 .text.HAL_GetTick
                0x08000ba4       0x18 ./Drivers/STM32F4xx_HAL_Driver/Src/stm32f4xx_hal.o
                0x08000ba4                HAL_GetTick
 .text.__NVIC_SetPriorityGrouping
                0x08000bbc       0x48 ./Drivers/STM32F4xx_HAL_Driver/Src/stm32f4xx_hal_cortex.o
 .text.__NVIC_GetPriorityGrouping
                0x08000c04       0x1c ./Drivers/STM32F4xx_HAL_Driver/Src/stm32f4xx_hal_cortex.o
 .text.__NVIC_EnableIRQ
                0x08000c20       0x3c ./Drivers/STM32F4xx_HAL_Driver/Src/stm32f4xx_hal_cortex.o
 .text.__NVIC_SetPriority
                0x08000c5c       0x54 ./Drivers/STM32F4xx_HAL_Driver/Src/stm32f4xx_hal_cortex.o
 .text.NVIC_EncodePriority
                0x08000cb0       0x66 ./Drivers/STM32F4xx_HAL_Driver/Src/stm32f4xx_hal_cortex.o
 *fill*         0x08000d16        0x2 
 .text.SysTick_Config
                0x08000d18       0x44 ./Drivers/STM32F4xx_HAL_Driver/Src/stm32f4xx_hal_cortex.o
 .text.HAL_NVIC_SetPriorityGrouping
                0x08000d5c       0x16 ./Drivers/STM32F4xx_HAL_Driver/Src/stm32f4xx_hal_cortex.o
                0x08000d5c                HAL_NVIC_SetPriorityGrouping
 .text.HAL_NVIC_SetPriority
                0x08000d72       0x38 ./Drivers/STM32F4xx_HAL_Driver/Src/stm32f4xx_hal_cortex.o
                0x08000d72                HAL_NVIC_SetPriority
 .text.HAL_NVIC_EnableIRQ
                0x08000daa       0x1c ./Drivers/STM32F4xx_HAL_Driver/Src/stm32f4xx_hal_cortex.o
                0x08000daa                HAL_NVIC_EnableIRQ
 .text.HAL_SYSTICK_Config
                0x08000dc6       0x18 ./Drivers/STM32F4xx_HAL_Driver/Src/stm32f4xx_hal_cortex.o
                0x08000dc6                HAL_SYSTICK_Config
 .text.HAL_DMA_Abort
                0x08000dde       0xe0 ./Drivers/STM32F4xx_HAL_Driver/Src/stm32f4xx_hal_dma.o
                0x08000dde                HAL_DMA_Abort
 .text.HAL_DMA_Abort_IT
                0x08000ebe       0x44 ./Drivers/STM32F4xx_HAL_Driver/Src/stm32f4xx_hal_dma.o
                0x08000ebe                HAL_DMA_Abort_IT
 .text.HAL_DMA_GetError
                0x08000f02       0x18 ./Drivers/STM32F4xx_HAL_Driver/Src/stm32f4xx_hal_dma.o
                0x08000f02                HAL_DMA_GetError
 *fill*         0x08000f1a        0x2 
 .text.HAL_GPIO_Init
                0x08000f1c      0x308 ./Drivers/STM32F4xx_HAL_Driver/Src/stm32f4xx_hal_gpio.o
                0x08000f1c                HAL_GPIO_Init
 .text.HAL_GPIO_WritePin
                0x08001224       0x32 ./Drivers/STM32F4xx_HAL_Driver/Src/stm32f4xx_hal_gpio.o
                0x08001224                HAL_GPIO_WritePin
 .text.HAL_GPIO_TogglePin
                0x08001256       0x34 ./Drivers/STM32F4xx_HAL_Driver/Src/stm32f4xx_hal_gpio.o
                0x08001256                HAL_GPIO_TogglePin
 *fill*         0x0800128a        0x2 
 .text.HAL_GPIO_EXTI_IRQHandler
                0x0800128c       0x30 ./Drivers/STM32F4xx_HAL_Driver/Src/stm32f4xx_hal_gpio.o
                0x0800128c                HAL_GPIO_EXTI_IRQHandler
 .text.HAL_RCC_OscConfig
                0x080012bc      0x4f0 ./Drivers/STM32F4xx_HAL_Driver/Src/stm32f4xx_hal_rcc.o
                0x080012bc                HAL_RCC_OscConfig
 .text.HAL_RCC_ClockConfig
                0x080017ac      0x1cc ./Drivers/STM32F4xx_HAL_Driver/Src/stm32f4xx_hal_rcc.o
                0x080017ac                HAL_RCC_ClockConfig
 .text.HAL_RCC_GetSysClockFreq
                0x08001978      0x20c ./Drivers/STM32F4xx_HAL_Driver/Src/stm32f4xx_hal_rcc.o
                0x08001978                HAL_RCC_GetSysClockFreq
 .text.HAL_RCC_GetHCLKFreq
                0x08001b84       0x18 ./Drivers/STM32F4xx_HAL_Driver/Src/stm32f4xx_hal_rcc.o
                0x08001b84                HAL_RCC_GetHCLKFreq
 .text.HAL_RCC_GetPCLK1Freq
                0x08001b9c       0x28 ./Drivers/STM32F4xx_HAL_Driver/Src/stm32f4xx_hal_rcc.o
                0x08001b9c                HAL_RCC_GetPCLK1Freq
 .text.HAL_RCC_GetPCLK2Freq
                0x08001bc4       0x28 ./Drivers/STM32F4xx_HAL_Driver/Src/stm32f4xx_hal_rcc.o
                0x08001bc4                HAL_RCC_GetPCLK2Freq
 .text.HAL_TIM_Base_Init
                0x08001bec       0x9e ./Drivers/STM32F4xx_HAL_Driver/Src/stm32f4xx_hal_tim.o
                0x08001bec                HAL_TIM_Base_Init
 .text.HAL_TIM_Base_MspInit
                0x08001c8a       0x14 ./Drivers/STM32F4xx_HAL_Driver/Src/stm32f4xx_hal_tim.o
                0x08001c8a                HAL_TIM_Base_MspInit
 *fill*         0x08001c9e        0x2 
 .text.HAL_TIM_Base_Start
                0x08001ca0       0xb4 ./Drivers/STM32F4xx_HAL_Driver/Src/stm32f4xx_hal_tim.o
                0x08001ca0                HAL_TIM_Base_Start
 .text.HAL_TIM_IRQHandler
                0x08001d54      0x1e0 ./Drivers/STM32F4xx_HAL_Driver/Src/stm32f4xx_hal_tim.o
                0x08001d54                HAL_TIM_IRQHandler
 .text.HAL_TIM_ConfigClockSource
                0x08001f34      0x18e ./Drivers/STM32F4xx_HAL_Driver/Src/stm32f4xx_hal_tim.o
                0x08001f34                HAL_TIM_ConfigClockSource
 .text.HAL_TIM_OC_DelayElapsedCallback
                0x080020c2       0x14 ./Drivers/STM32F4xx_HAL_Driver/Src/stm32f4xx_hal_tim.o
                0x080020c2                HAL_TIM_OC_DelayElapsedCallback
 .text.HAL_TIM_IC_CaptureCallback
                0x080020d6       0x14 ./Drivers/STM32F4xx_HAL_Driver/Src/stm32f4xx_hal_tim.o
                0x080020d6                HAL_TIM_IC_CaptureCallback
 .text.HAL_TIM_PWM_PulseFinishedCallback
                0x080020ea       0x14 ./Drivers/STM32F4xx_HAL_Driver/Src/stm32f4xx_hal_tim.o
                0x080020ea                HAL_TIM_PWM_PulseFinishedCallback
 .text.HAL_TIM_TriggerCallback
                0x080020fe       0x14 ./Drivers/STM32F4xx_HAL_Driver/Src/stm32f4xx_hal_tim.o
                0x080020fe                HAL_TIM_TriggerCallback
 *fill*         0x08002112        0x2 
 .text.TIM_Base_SetConfig
                0x08002114      0x118 ./Drivers/STM32F4xx_HAL_Driver/Src/stm32f4xx_hal_tim.o
                0x08002114                TIM_Base_SetConfig
 .text.TIM_TI1_ConfigInputStage
                0x0800222c       0x5e ./Drivers/STM32F4xx_HAL_Driver/Src/stm32f4xx_hal_tim.o
 .text.TIM_TI2_ConfigInputStage
                0x0800228a       0x60 ./Drivers/STM32F4xx_HAL_Driver/Src/stm32f4xx_hal_tim.o
 .text.TIM_ITRx_SetConfig
                0x080022ea       0x36 ./Drivers/STM32F4xx_HAL_Driver/Src/stm32f4xx_hal_tim.o
 .text.TIM_ETR_SetConfig
                0x08002320       0x40 ./Drivers/STM32F4xx_HAL_Driver/Src/stm32f4xx_hal_tim.o
                0x08002320                TIM_ETR_SetConfig
 .text.HAL_TIMEx_MasterConfigSynchronization
                0x08002360       0xdc ./Drivers/STM32F4xx_HAL_Driver/Src/stm32f4xx_hal_tim_ex.o
                0x08002360                HAL_TIMEx_MasterConfigSynchronization
 .text.HAL_TIMEx_CommutCallback
                0x0800243c       0x14 ./Drivers/STM32F4xx_HAL_Driver/Src/stm32f4xx_hal_tim_ex.o
                0x0800243c                HAL_TIMEx_CommutCallback
 .text.HAL_TIMEx_BreakCallback
                0x08002450       0x14 ./Drivers/STM32F4xx_HAL_Driver/Src/stm32f4xx_hal_tim_ex.o
                0x08002450                HAL_TIMEx_BreakCallback
 .text.HAL_UART_Init
                0x08002464       0xa0 ./Drivers/STM32F4xx_HAL_Driver/Src/stm32f4xx_hal_uart.o
                0x08002464                HAL_UART_Init
 .text.HAL_UART_Transmit
                0x08002504      0x116 ./Drivers/STM32F4xx_HAL_Driver/Src/stm32f4xx_hal_uart.o
                0x08002504                HAL_UART_Transmit
 .text.HAL_UART_Transmit_IT
                0x0800261a       0x6c ./Drivers/STM32F4xx_HAL_Driver/Src/stm32f4xx_hal_uart.o
                0x0800261a                HAL_UART_Transmit_IT
 .text.HAL_UART_Abort
                0x08002686      0x1d6 ./Drivers/STM32F4xx_HAL_Driver/Src/stm32f4xx_hal_uart.o
                0x08002686                HAL_UART_Abort
 .text.HAL_UART_Abort_IT
                0x0800285c      0x228 ./Drivers/STM32F4xx_HAL_Driver/Src/stm32f4xx_hal_uart.o
                0x0800285c                HAL_UART_Abort_IT
 .text.HAL_UART_IRQHandler
                0x08002a84      0x524 ./Drivers/STM32F4xx_HAL_Driver/Src/stm32f4xx_hal_uart.o
                0x08002a84                HAL_UART_IRQHandler
 .text.HAL_UART_ErrorCallback
                0x08002fa8       0x14 ./Drivers/STM32F4xx_HAL_Driver/Src/stm32f4xx_hal_uart.o
                0x08002fa8                HAL_UART_ErrorCallback
 .text.HAL_UART_AbortCpltCallback
                0x08002fbc       0x14 ./Drivers/STM32F4xx_HAL_Driver/Src/stm32f4xx_hal_uart.o
                0x08002fbc                HAL_UART_AbortCpltCallback
 .text.HAL_UARTEx_RxEventCallback
                0x08002fd0       0x18 ./Drivers/STM32F4xx_HAL_Driver/Src/stm32f4xx_hal_uart.o
                0x08002fd0                HAL_UARTEx_RxEventCallback
 .text.UART_WaitOnFlagUntilTimeout
                0x08002fe8       0xb2 ./Drivers/STM32F4xx_HAL_Driver/Src/stm32f4xx_hal_uart.o
 .text.UART_EndRxTransfer
                0x0800309a       0xc6 ./Drivers/STM32F4xx_HAL_Driver/Src/stm32f4xx_hal_uart.o
 .text.UART_DMAAbortOnError
                0x08003160       0x28 ./Drivers/STM32F4xx_HAL_Driver/Src/stm32f4xx_hal_uart.o
 .text.UART_DMATxAbortCallback
                0x08003188       0x60 ./Drivers/STM32F4xx_HAL_Driver/Src/stm32f4xx_hal_uart.o
 .text.UART_DMARxAbortCallback
                0x080031e8       0x60 ./Drivers/STM32F4xx_HAL_Driver/Src/stm32f4xx_hal_uart.o
 .text.UART_Transmit_IT
                0x08003248       0xa0 ./Drivers/STM32F4xx_HAL_Driver/Src/stm32f4xx_hal_uart.o
 .text.UART_EndTransmit_IT
                0x080032e8       0x30 ./Drivers/STM32F4xx_HAL_Driver/Src/stm32f4xx_hal_uart.o
 .text.UART_Receive_IT
                0x08003318      0x17c ./Drivers/STM32F4xx_HAL_Driver/Src/stm32f4xx_hal_uart.o
 .text.UART_SetConfig
                0x08003494      0x4e8 ./Drivers/STM32F4xx_HAL_Driver/Src/stm32f4xx_hal_uart.o
 .text.drv_gpioInit
                0x0800397c       0x58 C:\Users\Ahmed\Documents\GitHub\GOS2022\Projects\PortTest\GOS2022_lib\Build_stm32f411xe\libGOS2022_lib.a(drv_gpio.o)
                0x0800397c                drv_gpioInit
 .text.drv_gpioInitPin
                0x080039d4      0x130 C:\Users\Ahmed\Documents\GitHub\GOS2022\Projects\PortTest\GOS2022_lib\Build_stm32f411xe\libGOS2022_lib.a(drv_gpio.o)
                0x080039d4                drv_gpioInitPin
 .text.drv_gpioTgglePin
                0x08003b04       0x64 C:\Users\Ahmed\Documents\GitHub\GOS2022\Projects\PortTest\GOS2022_lib\Build_stm32f411xe\libGOS2022_lib.a(drv_gpio.o)
                0x08003b04                drv_gpioTgglePin
 .text.EXTI9_5_IRQHandler
                0x08003b68       0x84 C:\Users\Ahmed\Documents\GitHub\GOS2022\Projects\PortTest\GOS2022_lib\Build_stm32f411xe\libGOS2022_lib.a(drv_gpio.o)
                0x08003b68                EXTI9_5_IRQHandler
 .text.EXTI15_10_IRQHandler
                0x08003bec       0x90 C:\Users\Ahmed\Documents\GitHub\GOS2022\Projects\PortTest\GOS2022_lib\Build_stm32f411xe\libGOS2022_lib.a(drv_gpio.o)
                0x08003bec                EXTI15_10_IRQHandler
 .text.HAL_GPIO_EXTI_Callback
                0x08003c7c       0xb8 C:\Users\Ahmed\Documents\GitHub\GOS2022\Projects\PortTest\GOS2022_lib\Build_stm32f411xe\libGOS2022_lib.a(drv_gpio.o)
                0x08003c7c                HAL_GPIO_EXTI_Callback
 .text.drv_itInit
                0x08003d34       0x9c C:\Users\Ahmed\Documents\GitHub\GOS2022\Projects\PortTest\GOS2022_lib\Build_stm32f411xe\libGOS2022_lib.a(drv_it.o)
                0x08003d34                drv_itInit
 .text.drv_systimerStart
                0x08003dd0       0x34 C:\Users\Ahmed\Documents\GitHub\GOS2022\Projects\PortTest\GOS2022_lib\Build_stm32f411xe\libGOS2022_lib.a(drv_systimer.o)
                0x08003dd0                drv_systimerStart
 .text.drv_systimerGetValue
                0x08003e04       0x48 C:\Users\Ahmed\Documents\GitHub\GOS2022\Projects\PortTest\GOS2022_lib\Build_stm32f411xe\libGOS2022_lib.a(drv_systimer.o)
                0x08003e04                drv_systimerGetValue
 .text.drv_tmrInit
                0x08003e4c       0x58 C:\Users\Ahmed\Documents\GitHub\GOS2022\Projects\PortTest\GOS2022_lib\Build_stm32f411xe\libGOS2022_lib.a(drv_tmr.o)
                0x08003e4c                drv_tmrInit
 .text.drv_tmrInitInstance
                0x08003ea4      0x290 C:\Users\Ahmed\Documents\GitHub\GOS2022\Projects\PortTest\GOS2022_lib\Build_stm32f411xe\libGOS2022_lib.a(drv_tmr.o)
                0x08003ea4                drv_tmrInitInstance
 .text.drv_tmrStart
                0x08004134       0x64 C:\Users\Ahmed\Documents\GitHub\GOS2022\Projects\PortTest\GOS2022_lib\Build_stm32f411xe\libGOS2022_lib.a(drv_tmr.o)
                0x08004134                drv_tmrStart
 .text.drv_tmrGetValue
                0x08004198       0x44 C:\Users\Ahmed\Documents\GitHub\GOS2022\Projects\PortTest\GOS2022_lib\Build_stm32f411xe\libGOS2022_lib.a(drv_tmr.o)
                0x08004198                drv_tmrGetValue
 .text.HAL_TIM_PeriodElapsedCallback
                0x080041dc       0xb4 C:\Users\Ahmed\Documents\GitHub\GOS2022\Projects\PortTest\GOS2022_lib\Build_stm32f411xe\libGOS2022_lib.a(drv_tmr.o)
                0x080041dc                HAL_TIM_PeriodElapsedCallback
 .text.TIM2_IRQHandler
                0x08004290       0x6c C:\Users\Ahmed\Documents\GitHub\GOS2022\Projects\PortTest\GOS2022_lib\Build_stm32f411xe\libGOS2022_lib.a(drv_tmr.o)
                0x08004290                TIM2_IRQHandler
 .text.TIM3_IRQHandler
                0x080042fc       0x6c C:\Users\Ahmed\Documents\GitHub\GOS2022\Projects\PortTest\GOS2022_lib\Build_stm32f411xe\libGOS2022_lib.a(drv_tmr.o)
                0x080042fc                TIM3_IRQHandler
 .text.TIM4_IRQHandler
                0x08004368       0x6c C:\Users\Ahmed\Documents\GitHub\GOS2022\Projects\PortTest\GOS2022_lib\Build_stm32f411xe\libGOS2022_lib.a(drv_tmr.o)
                0x08004368                TIM4_IRQHandler
 .text.TIM5_IRQHandler
                0x080043d4       0x6c C:\Users\Ahmed\Documents\GitHub\GOS2022\Projects\PortTest\GOS2022_lib\Build_stm32f411xe\libGOS2022_lib.a(drv_tmr.o)
                0x080043d4                TIM5_IRQHandler
 .text.drv_traceTransmitUnsafe
                0x08004440       0x44 C:\Users\Ahmed\Documents\GitHub\GOS2022\Projects\PortTest\GOS2022_lib\Build_stm32f411xe\libGOS2022_lib.a(drv_trace.o)
                0x08004440                drv_traceTransmitUnsafe
 .text.drv_traceTransmit
                0x08004484       0x4c C:\Users\Ahmed\Documents\GitHub\GOS2022\Projects\PortTest\GOS2022_lib\Build_stm32f411xe\libGOS2022_lib.a(drv_trace.o)
                0x08004484                drv_traceTransmit
 .text.drv_uartInit
                0x080044d0       0x58 C:\Users\Ahmed\Documents\GitHub\GOS2022\Projects\PortTest\GOS2022_lib\Build_stm32f411xe\libGOS2022_lib.a(drv_uart.o)
                0x080044d0                drv_uartInit
 .text.drv_uartInitInstance
                0x08004528      0x248 C:\Users\Ahmed\Documents\GitHub\GOS2022\Projects\PortTest\GOS2022_lib\Build_stm32f411xe\libGOS2022_lib.a(drv_uart.o)
                0x08004528                drv_uartInitInstance
 .text.drv_uartTransmitBlocking
                0x08004770       0x98 C:\Users\Ahmed\Documents\GitHub\GOS2022\Projects\PortTest\GOS2022_lib\Build_stm32f411xe\libGOS2022_lib.a(drv_uart.o)
                0x08004770                drv_uartTransmitBlocking
 .text.drv_uartTransmitIT
                0x08004808       0xe0 C:\Users\Ahmed\Documents\GitHub\GOS2022\Projects\PortTest\GOS2022_lib\Build_stm32f411xe\libGOS2022_lib.a(drv_uart.o)
                0x08004808                drv_uartTransmitIT
 .text.USART1_IRQHandler
                0x080048e8       0x6c C:\Users\Ahmed\Documents\GitHub\GOS2022\Projects\PortTest\GOS2022_lib\Build_stm32f411xe\libGOS2022_lib.a(drv_uart.o)
                0x080048e8                USART1_IRQHandler
 .text.USART2_IRQHandler
                0x08004954       0x6c C:\Users\Ahmed\Documents\GitHub\GOS2022\Projects\PortTest\GOS2022_lib\Build_stm32f411xe\libGOS2022_lib.a(drv_uart.o)
                0x08004954                USART2_IRQHandler
 .text.USART6_IRQHandler
                0x080049c0       0x6c C:\Users\Ahmed\Documents\GitHub\GOS2022\Projects\PortTest\GOS2022_lib\Build_stm32f411xe\libGOS2022_lib.a(drv_uart.o)
                0x080049c0                USART6_IRQHandler
 .text.HAL_UART_TxCpltCallback
                0x08004a2c       0x58 C:\Users\Ahmed\Documents\GitHub\GOS2022\Projects\PortTest\GOS2022_lib\Build_stm32f411xe\libGOS2022_lib.a(drv_uart.o)
                0x08004a2c                HAL_UART_TxCpltCallback
 .text.HAL_UART_RxCpltCallback
                0x08004a84       0x58 C:\Users\Ahmed\Documents\GitHub\GOS2022\Projects\PortTest\GOS2022_lib\Build_stm32f411xe\libGOS2022_lib.a(drv_uart.o)
                0x08004a84                HAL_UART_RxCpltCallback
 .text.HAL_UART_MspInit
                0x08004adc      0x10c C:\Users\Ahmed\Documents\GitHub\GOS2022\Projects\PortTest\GOS2022_lib\Build_stm32f411xe\libGOS2022_lib.a(drv_uart.o)
                0x08004adc                HAL_UART_MspInit
 .text.svl_dsmInit
                0x08004be8      0x10c C:\Users\Ahmed\Documents\GitHub\GOS2022\Projects\PortTest\GOS2022_lib\Build_stm32f411xe\libGOS2022_lib.a(svl_dsm.o)
                0x08004be8                svl_dsmInit
 .text.svl_dsmPrintOSInfo
                0x08004cf4       0x50 C:\Users\Ahmed\Documents\GitHub\GOS2022\Projects\PortTest\GOS2022_lib\Build_stm32f411xe\libGOS2022_lib.a(svl_dsm.o)
                0x08004cf4                svl_dsmPrintOSInfo
 .text.svl_dsmPrintLibInfo
                0x08004d44      0x118 C:\Users\Ahmed\Documents\GitHub\GOS2022\Projects\PortTest\GOS2022_lib\Build_stm32f411xe\libGOS2022_lib.a(svl_dsm.o)
                0x08004d44                svl_dsmPrintLibInfo
 .text.svl_dsmPrintHwInfo
                0x08004e5c      0x134 C:\Users\Ahmed\Documents\GitHub\GOS2022\Projects\PortTest\GOS2022_lib\Build_stm32f411xe\libGOS2022_lib.a(svl_dsm.o)
                0x08004e5c                svl_dsmPrintHwInfo
 .text.svl_dsmPrintAppInfo
                0x08004f90      0x27c C:\Users\Ahmed\Documents\GitHub\GOS2022\Projects\PortTest\GOS2022_lib\Build_stm32f411xe\libGOS2022_lib.a(svl_dsm.o)
                0x08004f90                svl_dsmPrintAppInfo
 .text.svl_dsmTask
                0x0800520c       0xc8 C:\Users\Ahmed\Documents\GitHub\GOS2022\Projects\PortTest\GOS2022_lib\Build_stm32f411xe\libGOS2022_lib.a(svl_dsm.o)
 .text.svl_pdhGetLibVersion
                0x080052d4      0x110 C:\Users\Ahmed\Documents\GitHub\GOS2022\Projects\PortTest\GOS2022_lib\Build_stm32f411xe\libGOS2022_lib.a(svl_pdh.o)
                0x080052d4                svl_pdhGetLibVersion
 .text.svl_pdhGetSwInfo
                0x080053e4       0x70 C:\Users\Ahmed\Documents\GitHub\GOS2022\Projects\PortTest\GOS2022_lib\Build_stm32f411xe\libGOS2022_lib.a(svl_pdh.o)
                0x080053e4                svl_pdhGetSwInfo
 .text.svl_pdhGetHwInfo
                0x08005454       0x70 C:\Users\Ahmed\Documents\GitHub\GOS2022\Projects\PortTest\GOS2022_lib\Build_stm32f411xe\libGOS2022_lib.a(svl_pdh.o)
                0x08005454                svl_pdhGetHwInfo
 .text.gos_driverInit
                0x080054c4       0x30 C:\Users\Ahmed\Documents\GitHub\GOS2022\Projects\PortTest\GOS2022\Debug\libGOS2022.a(gos_driver.o)
                0x080054c4                gos_driverInit
 .text.gos_traceDriverTransmitString
                0x080054f4       0x30 C:\Users\Ahmed\Documents\GitHub\GOS2022\Projects\PortTest\GOS2022\Debug\libGOS2022.a(gos_trace_driver.o)
                0x080054f4                gos_traceDriverTransmitString
 .text.gos_traceDriverTransmitString_Unsafe
                0x08005524       0x30 C:\Users\Ahmed\Documents\GitHub\GOS2022\Projects\PortTest\GOS2022\Debug\libGOS2022.a(gos_trace_driver.o)
                0x08005524                gos_traceDriverTransmitString_Unsafe
 .text.gos_kernelInit
                0x08005554      0x1d8 C:\Users\Ahmed\Documents\GitHub\GOS2022\Projects\PortTest\GOS2022\Debug\libGOS2022.a(gos_kernel.o)
                0x08005554                gos_kernelInit
 .text.gos_kernelStart
                0x0800572c       0x84 C:\Users\Ahmed\Documents\GitHub\GOS2022\Projects\PortTest\GOS2022\Debug\libGOS2022.a(gos_kernel.o)
                0x0800572c                gos_kernelStart
 .text.gos_kernelRegisterSysTickHook
                0x080057b0       0x38 C:\Users\Ahmed\Documents\GitHub\GOS2022\Projects\PortTest\GOS2022\Debug\libGOS2022.a(gos_kernel.o)
                0x080057b0                gos_kernelRegisterSysTickHook
 .text.SysTick_Handler
                0x080057e8       0x70 C:\Users\Ahmed\Documents\GitHub\GOS2022\Projects\PortTest\GOS2022\Debug\libGOS2022.a(gos_kernel.o)
                0x080057e8                SysTick_Handler
 .text.gos_kernelGetSysTicks
                0x08005858       0x18 C:\Users\Ahmed\Documents\GitHub\GOS2022\Projects\PortTest\GOS2022\Debug\libGOS2022.a(gos_kernel.o)
                0x08005858                gos_kernelGetSysTicks
 .text.gos_kernelGetCpuUsage
                0x08005870       0x24 C:\Users\Ahmed\Documents\GitHub\GOS2022\Projects\PortTest\GOS2022\Debug\libGOS2022.a(gos_kernel.o)
                0x08005870                gos_kernelGetCpuUsage
 .text.gos_kernelReset
                0x08005894       0x3c C:\Users\Ahmed\Documents\GitHub\GOS2022\Projects\PortTest\GOS2022\Debug\libGOS2022.a(gos_kernel.o)
                0x08005894                gos_kernelReset
 .text.gos_kernelDelayMs
                0x080058d0       0x38 C:\Users\Ahmed\Documents\GitHub\GOS2022\Projects\PortTest\GOS2022\Debug\libGOS2022.a(gos_kernel.o)
                0x080058d0                gos_kernelDelayMs
 .text.gos_kernelCalculateTaskCpuUsages
                0x08005908      0x2c8 C:\Users\Ahmed\Documents\GitHub\GOS2022\Projects\PortTest\GOS2022\Debug\libGOS2022.a(gos_kernel.o)
                0x08005908                gos_kernelCalculateTaskCpuUsages
 .text.gos_kernelDump
                0x08005bd0      0x680 C:\Users\Ahmed\Documents\GitHub\GOS2022\Projects\PortTest\GOS2022\Debug\libGOS2022.a(gos_kernel.o)
                0x08005bd0                gos_kernelDump
 .text.gos_kernelIsCallerIsr
                0x08006250       0x20 C:\Users\Ahmed\Documents\GitHub\GOS2022\Projects\PortTest\GOS2022\Debug\libGOS2022.a(gos_kernel.o)
                0x08006250                gos_kernelIsCallerIsr
 .text.SVC_Handler
                0x08006270       0x2c C:\Users\Ahmed\Documents\GitHub\GOS2022\Projects\PortTest\GOS2022\Debug\libGOS2022.a(gos_kernel.o)
                0x08006270                SVC_Handler
 .text.gos_kernelSVC_HandlerMain
                0x0800629c       0x40 C:\Users\Ahmed\Documents\GitHub\GOS2022\Projects\PortTest\GOS2022\Debug\libGOS2022.a(gos_kernel.o)
                0x0800629c                gos_kernelSVC_HandlerMain
 .text.PendSV_Handler
                0x080062dc       0x48 C:\Users\Ahmed\Documents\GitHub\GOS2022\Projects\PortTest\GOS2022\Debug\libGOS2022.a(gos_kernel.o)
                0x080062dc                PendSV_Handler
 .text.gos_kernelReschedule
                0x08006324       0x30 C:\Users\Ahmed\Documents\GitHub\GOS2022\Projects\PortTest\GOS2022\Debug\libGOS2022.a(gos_kernel.o)
                0x08006324                gos_kernelReschedule
 .text.gos_kernelCheckTaskStack
                0x08006354      0x120 C:\Users\Ahmed\Documents\GitHub\GOS2022\Projects\PortTest\GOS2022\Debug\libGOS2022.a(gos_kernel.o)
 .text.gos_kernelGetCurrentPsp
                0x08006474       0x28 C:\Users\Ahmed\Documents\GitHub\GOS2022\Projects\PortTest\GOS2022\Debug\libGOS2022.a(gos_kernel.o)
 .text.gos_kernelSaveCurrentPsp
                0x0800649c       0x30 C:\Users\Ahmed\Documents\GitHub\GOS2022\Projects\PortTest\GOS2022\Debug\libGOS2022.a(gos_kernel.o)
 .text.gos_kernelSelectNextTask
                0x080064cc      0x2cc C:\Users\Ahmed\Documents\GitHub\GOS2022\Projects\PortTest\GOS2022\Debug\libGOS2022.a(gos_kernel.o)
 .text.gos_kernelGetTaskStateString
                0x08006798       0xa8 C:\Users\Ahmed\Documents\GitHub\GOS2022\Projects\PortTest\GOS2022\Debug\libGOS2022.a(gos_kernel.o)
 .text.gos_kernelProcessorReset
                0x08006840       0x28 C:\Users\Ahmed\Documents\GitHub\GOS2022\Projects\PortTest\GOS2022\Debug\libGOS2022.a(gos_kernel.o)
 .text.NMI_Handler
                0x08006868        0x8 C:\Users\Ahmed\Documents\GitHub\GOS2022\Projects\PortTest\GOS2022\Debug\libGOS2022.a(gos_kernel.o)
                0x08006868                NMI_Handler
 .text.HardFault_Handler
                0x08006870        0x8 C:\Users\Ahmed\Documents\GitHub\GOS2022\Projects\PortTest\GOS2022\Debug\libGOS2022.a(gos_kernel.o)
                0x08006870                HardFault_Handler
 .text.MemManage_Handler
                0x08006878        0x8 C:\Users\Ahmed\Documents\GitHub\GOS2022\Projects\PortTest\GOS2022\Debug\libGOS2022.a(gos_kernel.o)
                0x08006878                MemManage_Handler
 .text.BusFault_Handler
                0x08006880        0x8 C:\Users\Ahmed\Documents\GitHub\GOS2022\Projects\PortTest\GOS2022\Debug\libGOS2022.a(gos_kernel.o)
                0x08006880                BusFault_Handler
 .text.UsageFault_Handler
                0x08006888        0x8 C:\Users\Ahmed\Documents\GitHub\GOS2022\Projects\PortTest\GOS2022\Debug\libGOS2022.a(gos_kernel.o)
                0x08006888                UsageFault_Handler
 .text.gos_taskRegister
                0x08006890      0x324 C:\Users\Ahmed\Documents\GitHub\GOS2022\Projects\PortTest\GOS2022\Debug\libGOS2022.a(gos_task.o)
                0x08006890                gos_taskRegister
 .text.gos_taskSleep
                0x08006bb4      0x124 C:\Users\Ahmed\Documents\GitHub\GOS2022\Projects\PortTest\GOS2022\Debug\libGOS2022.a(gos_task.o)
                0x08006bb4                gos_taskSleep
 .text.gos_taskWakeup
                0x08006cd8      0x18c C:\Users\Ahmed\Documents\GitHub\GOS2022\Projects\PortTest\GOS2022\Debug\libGOS2022.a(gos_task.o)
                0x08006cd8                gos_taskWakeup
 .text.gos_taskSuspend
                0x08006e64      0x244 C:\Users\Ahmed\Documents\GitHub\GOS2022\Projects\PortTest\GOS2022\Debug\libGOS2022.a(gos_task.o)
                0x08006e64                gos_taskSuspend
 .text.gos_taskResume
                0x080070a8      0x15c C:\Users\Ahmed\Documents\GitHub\GOS2022\Projects\PortTest\GOS2022\Debug\libGOS2022.a(gos_task.o)
                0x080070a8                gos_taskResume
 .text.gos_taskBlock
                0x08007204      0x224 C:\Users\Ahmed\Documents\GitHub\GOS2022\Projects\PortTest\GOS2022\Debug\libGOS2022.a(gos_task.o)
                0x08007204                gos_taskBlock
 .text.gos_taskUnblock
                0x08007428      0x1d4 C:\Users\Ahmed\Documents\GitHub\GOS2022\Projects\PortTest\GOS2022\Debug\libGOS2022.a(gos_task.o)
                0x08007428                gos_taskUnblock
 .text.gos_taskDelete
                0x080075fc      0x248 C:\Users\Ahmed\Documents\GitHub\GOS2022\Projects\PortTest\GOS2022\Debug\libGOS2022.a(gos_task.o)
                0x080075fc                gos_taskDelete
 .text.gos_taskSetPriority
                0x08007844      0x188 C:\Users\Ahmed\Documents\GitHub\GOS2022\Projects\PortTest\GOS2022\Debug\libGOS2022.a(gos_task.o)
                0x08007844                gos_taskSetPriority
 .text.gos_taskSetOriginalPriority
                0x080079cc      0x188 C:\Users\Ahmed\Documents\GitHub\GOS2022\Projects\PortTest\GOS2022\Debug\libGOS2022.a(gos_task.o)
                0x080079cc                gos_taskSetOriginalPriority
 .text.gos_taskGetPriority
                0x08007b54       0xe0 C:\Users\Ahmed\Documents\GitHub\GOS2022\Projects\PortTest\GOS2022\Debug\libGOS2022.a(gos_task.o)
                0x08007b54                gos_taskGetPriority
 .text.gos_taskAddPrivilege
                0x08007c34       0xf0 C:\Users\Ahmed\Documents\GitHub\GOS2022\Projects\PortTest\GOS2022\Debug\libGOS2022.a(gos_task.o)
                0x08007c34                gos_taskAddPrivilege
 .text.gos_taskRemovePrivilege
                0x08007d24       0xfc C:\Users\Ahmed\Documents\GitHub\GOS2022\Projects\PortTest\GOS2022\Debug\libGOS2022.a(gos_task.o)
                0x08007d24                gos_taskRemovePrivilege
 .text.gos_taskSetPrivileges
                0x08007e20       0xdc C:\Users\Ahmed\Documents\GitHub\GOS2022\Projects\PortTest\GOS2022\Debug\libGOS2022.a(gos_task.o)
                0x08007e20                gos_taskSetPrivileges
 .text.gos_taskGetPrivileges
                0x08007efc       0xe0 C:\Users\Ahmed\Documents\GitHub\GOS2022\Projects\PortTest\GOS2022\Debug\libGOS2022.a(gos_task.o)
                0x08007efc                gos_taskGetPrivileges
 .text.gos_taskGetId
                0x08007fdc       0x70 C:\Users\Ahmed\Documents\GitHub\GOS2022\Projects\PortTest\GOS2022\Debug\libGOS2022.a(gos_task.o)
                0x08007fdc                gos_taskGetId
 .text.gos_taskGetCurrentId
                0x0800804c       0xb8 C:\Users\Ahmed\Documents\GitHub\GOS2022\Projects\PortTest\GOS2022\Debug\libGOS2022.a(gos_task.o)
                0x0800804c                gos_taskGetCurrentId
 .text.gos_taskGetData
                0x08008104       0xdc C:\Users\Ahmed\Documents\GitHub\GOS2022\Projects\PortTest\GOS2022\Debug\libGOS2022.a(gos_task.o)
                0x08008104                gos_taskGetData
 .text.gos_taskGetDataByIndex
                0x080081e0       0xe4 C:\Users\Ahmed\Documents\GitHub\GOS2022\Projects\PortTest\GOS2022\Debug\libGOS2022.a(gos_task.o)
                0x080081e0                gos_taskGetDataByIndex
 .text.gos_taskCheckDescriptor
                0x080082c4       0x6c C:\Users\Ahmed\Documents\GitHub\GOS2022\Projects\PortTest\GOS2022\Debug\libGOS2022.a(gos_task.o)
 .text.gos_idleTask
                0x08008330       0x48 C:\Users\Ahmed\Documents\GitHub\GOS2022\Projects\PortTest\GOS2022\Debug\libGOS2022.a(gos_task.o)
                0x08008330                gos_idleTask
 .text.main     0x08008378       0xa0 C:\Users\Ahmed\Documents\GitHub\GOS2022\Projects\PortTest\GOS2022\Debug\libGOS2022.a(gos.o)
                0x08008378                main
 .text.gos_Dump
                0x08008418       0x74 C:\Users\Ahmed\Documents\GitHub\GOS2022\Projects\PortTest\GOS2022\Debug\libGOS2022.a(gos.o)
                0x08008418                gos_Dump
 .text.gos_Start
                0x0800848c       0x28 C:\Users\Ahmed\Documents\GitHub\GOS2022\Projects\PortTest\GOS2022\Debug\libGOS2022.a(gos.o)
 .text.gos_systemTask
                0x080084b4       0xf4 C:\Users\Ahmed\Documents\GitHub\GOS2022\Projects\PortTest\GOS2022\Debug\libGOS2022.a(gos.o)
 .text.gos_printStartupLogo
                0x080085a8       0x74 C:\Users\Ahmed\Documents\GitHub\GOS2022\Projects\PortTest\GOS2022\Debug\libGOS2022.a(gos_error.o)
                0x080085a8                gos_printStartupLogo
 .text.gos_errorHandler
                0x0800861c      0x130 C:\Users\Ahmed\Documents\GitHub\GOS2022\Projects\PortTest\GOS2022\Debug\libGOS2022.a(gos_error.o)
                0x0800861c                gos_errorHandler
 .text.gos_errorTraceInit
                0x0800874c       0x34 C:\Users\Ahmed\Documents\GitHub\GOS2022\Projects\PortTest\GOS2022\Debug\libGOS2022.a(gos_error.o)
                0x0800874c                gos_errorTraceInit
 .text.gos_traceResultToString
                0x08008780       0x38 C:\Users\Ahmed\Documents\GitHub\GOS2022\Projects\PortTest\GOS2022\Debug\libGOS2022.a(gos_error.o)
 .text.gos_gcpInit
                0x080087b8       0x6c C:\Users\Ahmed\Documents\GitHub\GOS2022\Projects\PortTest\GOS2022\Debug\libGOS2022.a(gos_gcp.o)
                0x080087b8                gos_gcpInit
 .text.gos_gcpRegisterPhysicalDriver
                0x08008824       0x50 C:\Users\Ahmed\Documents\GitHub\GOS2022\Projects\PortTest\GOS2022\Debug\libGOS2022.a(gos_gcp.o)
                0x08008824                gos_gcpRegisterPhysicalDriver
 .text.gos_gcpTransmitMessage
                0x08008874      0x264 C:\Users\Ahmed\Documents\GitHub\GOS2022\Projects\PortTest\GOS2022\Debug\libGOS2022.a(gos_gcp.o)
                0x08008874                gos_gcpTransmitMessage
 .text.gos_gcpReceiveMessage
                0x08008ad8      0x298 C:\Users\Ahmed\Documents\GitHub\GOS2022\Projects\PortTest\GOS2022\Debug\libGOS2022.a(gos_gcp.o)
                0x08008ad8                gos_gcpReceiveMessage
 .text.gos_gcpValidateHeader
                0x08008d70       0x5a C:\Users\Ahmed\Documents\GitHub\GOS2022\Projects\PortTest\GOS2022\Debug\libGOS2022.a(gos_gcp.o)
 .text.gos_gcpValidateData
                0x08008dca       0x4e C:\Users\Ahmed\Documents\GitHub\GOS2022\Projects\PortTest\GOS2022\Debug\libGOS2022.a(gos_gcp.o)
 .text.gos_messageInit
                0x08008e18       0xb8 C:\Users\Ahmed\Documents\GitHub\GOS2022\Projects\PortTest\GOS2022\Debug\libGOS2022.a(gos_message.o)
                0x08008e18                gos_messageInit
 .text.gos_messageDaemonTask
                0x08008ed0      0x1e4 C:\Users\Ahmed\Documents\GitHub\GOS2022\Projects\PortTest\GOS2022\Debug\libGOS2022.a(gos_message.o)
 .text.gos_mutexInit
                0x080090b4       0x32 C:\Users\Ahmed\Documents\GitHub\GOS2022\Projects\PortTest\GOS2022\Debug\libGOS2022.a(gos_mutex.o)
                0x080090b4                gos_mutexInit
 *fill*         0x080090e6        0x2 
 .text.gos_mutexLock
                0x080090e8      0x20c C:\Users\Ahmed\Documents\GitHub\GOS2022\Projects\PortTest\GOS2022\Debug\libGOS2022.a(gos_mutex.o)
                0x080090e8                gos_mutexLock
 .text.gos_mutexUnlock
                0x080092f4       0xc8 C:\Users\Ahmed\Documents\GitHub\GOS2022\Projects\PortTest\GOS2022\Debug\libGOS2022.a(gos_mutex.o)
                0x080092f4                gos_mutexUnlock
 .text.gos_queueInit
                0x080093bc       0xb4 C:\Users\Ahmed\Documents\GitHub\GOS2022\Projects\PortTest\GOS2022\Debug\libGOS2022.a(gos_queue.o)
                0x080093bc                gos_queueInit
 .text.gos_queueCreate
                0x08009470       0xb8 C:\Users\Ahmed\Documents\GitHub\GOS2022\Projects\PortTest\GOS2022\Debug\libGOS2022.a(gos_queue.o)
                0x08009470                gos_queueCreate
 .text.gos_queuePut
                0x08009528      0x19c C:\Users\Ahmed\Documents\GitHub\GOS2022\Projects\PortTest\GOS2022\Debug\libGOS2022.a(gos_queue.o)
                0x08009528                gos_queuePut
 .text.gos_queueGet
                0x080096c4      0x1c4 C:\Users\Ahmed\Documents\GitHub\GOS2022\Projects\PortTest\GOS2022\Debug\libGOS2022.a(gos_queue.o)
                0x080096c4                gos_queueGet
 .text.gos_queueDump
                0x08009888       0xc8 C:\Users\Ahmed\Documents\GitHub\GOS2022\Projects\PortTest\GOS2022\Debug\libGOS2022.a(gos_queue.o)
                0x08009888                gos_queueDump
 .text.gos_shellInit
                0x08009950       0x78 C:\Users\Ahmed\Documents\GitHub\GOS2022\Projects\PortTest\GOS2022\Debug\libGOS2022.a(gos_shell.o)
                0x08009950                gos_shellInit
 .text.gos_shellRegisterCommand
                0x080099c8       0xa0 C:\Users\Ahmed\Documents\GitHub\GOS2022\Projects\PortTest\GOS2022\Debug\libGOS2022.a(gos_shell.o)
                0x080099c8                gos_shellRegisterCommand
 .text.gos_shellSuspend
                0x08009a68       0x28 C:\Users\Ahmed\Documents\GitHub\GOS2022\Projects\PortTest\GOS2022\Debug\libGOS2022.a(gos_shell.o)
                0x08009a68                gos_shellSuspend
 .text.gos_shellResume
                0x08009a90       0x28 C:\Users\Ahmed\Documents\GitHub\GOS2022\Projects\PortTest\GOS2022\Debug\libGOS2022.a(gos_shell.o)
                0x08009a90                gos_shellResume
 .text.gos_shellDaemonTask
                0x08009ab8      0x210 C:\Users\Ahmed\Documents\GitHub\GOS2022\Projects\PortTest\GOS2022\Debug\libGOS2022.a(gos_shell.o)
 .text.gos_shellCommandHandler
                0x08009cc8      0x4d8 C:\Users\Ahmed\Documents\GitHub\GOS2022\Projects\PortTest\GOS2022\Debug\libGOS2022.a(gos_shell.o)
 .text.gos_signalInit
                0x0800a1a0       0x84 C:\Users\Ahmed\Documents\GitHub\GOS2022\Projects\PortTest\GOS2022\Debug\libGOS2022.a(gos_signal.o)
                0x0800a1a0                gos_signalInit
 .text.gos_signalCreate
                0x0800a224       0x7c C:\Users\Ahmed\Documents\GitHub\GOS2022\Projects\PortTest\GOS2022\Debug\libGOS2022.a(gos_signal.o)
                0x0800a224                gos_signalCreate
 .text.gos_signalInvoke
                0x0800a2a0       0xe4 C:\Users\Ahmed\Documents\GitHub\GOS2022\Projects\PortTest\GOS2022\Debug\libGOS2022.a(gos_signal.o)
                0x0800a2a0                gos_signalInvoke
 .text.gos_signalDaemonTask
                0x0800a384       0xf8 C:\Users\Ahmed\Documents\GitHub\GOS2022\Projects\PortTest\GOS2022\Debug\libGOS2022.a(gos_signal.o)
 .text.gos_sysmonInit
                0x0800a47c       0xa0 C:\Users\Ahmed\Documents\GitHub\GOS2022\Projects\PortTest\GOS2022\Debug\libGOS2022.a(gos_sysmon.o)
                0x0800a47c                gos_sysmonInit
 .text.gos_sysmonDaemonTask
                0x0800a51c       0xfc C:\Users\Ahmed\Documents\GitHub\GOS2022\Projects\PortTest\GOS2022\Debug\libGOS2022.a(gos_sysmon.o)
 .text.gos_sysmonGetLutIndex
                0x0800a618       0x48 C:\Users\Ahmed\Documents\GitHub\GOS2022\Projects\PortTest\GOS2022\Debug\libGOS2022.a(gos_sysmon.o)
 .text.gos_sysmonSendResponse
                0x0800a660       0x44 C:\Users\Ahmed\Documents\GitHub\GOS2022\Projects\PortTest\GOS2022\Debug\libGOS2022.a(gos_sysmon.o)
 .text.gos_sysmonHandlePingRequest
                0x0800a6a4       0x34 C:\Users\Ahmed\Documents\GitHub\GOS2022\Projects\PortTest\GOS2022\Debug\libGOS2022.a(gos_sysmon.o)
 .text.gos_sysmonHandleCpuUsageGet
                0x0800a6d8       0x48 C:\Users\Ahmed\Documents\GitHub\GOS2022\Projects\PortTest\GOS2022\Debug\libGOS2022.a(gos_sysmon.o)
 .text.gos_sysmonHandleTaskDataGet
                0x0800a720      0x1cc C:\Users\Ahmed\Documents\GitHub\GOS2022\Projects\PortTest\GOS2022\Debug\libGOS2022.a(gos_sysmon.o)
 .text.gos_sysmonHandleTaskVariableDataGet
                0x0800a8ec      0x150 C:\Users\Ahmed\Documents\GitHub\GOS2022\Projects\PortTest\GOS2022\Debug\libGOS2022.a(gos_sysmon.o)
 .text.gos_sysmonHandleTaskModification
                0x0800aa3c      0x1b0 C:\Users\Ahmed\Documents\GitHub\GOS2022\Projects\PortTest\GOS2022\Debug\libGOS2022.a(gos_sysmon.o)
 .text.gos_sysmonHandleSysRuntimeGet
                0x0800abec       0x58 C:\Users\Ahmed\Documents\GitHub\GOS2022\Projects\PortTest\GOS2022\Debug\libGOS2022.a(gos_sysmon.o)
 .text.gos_sysmonHandleSystimeSet
                0x0800ac44       0x58 C:\Users\Ahmed\Documents\GitHub\GOS2022\Projects\PortTest\GOS2022\Debug\libGOS2022.a(gos_sysmon.o)
 .text.gos_sysmonHandleResetRequest
                0x0800ac9c       0x24 C:\Users\Ahmed\Documents\GitHub\GOS2022\Projects\PortTest\GOS2022\Debug\libGOS2022.a(gos_sysmon.o)
 .text.gos_sysmonCheckMessage
                0x0800acc0       0x50 C:\Users\Ahmed\Documents\GitHub\GOS2022\Projects\PortTest\GOS2022\Debug\libGOS2022.a(gos_sysmon.o)
 .text.gos_timeInit
                0x0800ad10       0x40 C:\Users\Ahmed\Documents\GitHub\GOS2022\Projects\PortTest\GOS2022\Debug\libGOS2022.a(gos_time.o)
                0x0800ad10                gos_timeInit
 .text.gos_timeGet
                0x0800ad50       0x3c C:\Users\Ahmed\Documents\GitHub\GOS2022\Projects\PortTest\GOS2022\Debug\libGOS2022.a(gos_time.o)
                0x0800ad50                gos_timeGet
 .text.gos_timeSet
                0x0800ad8c       0x38 C:\Users\Ahmed\Documents\GitHub\GOS2022\Projects\PortTest\GOS2022\Debug\libGOS2022.a(gos_time.o)
                0x0800ad8c                gos_timeSet
 .text.gos_runTimeGet
                0x0800adc4       0x3c C:\Users\Ahmed\Documents\GitHub\GOS2022\Projects\PortTest\GOS2022\Debug\libGOS2022.a(gos_time.o)
                0x0800adc4                gos_runTimeGet
 .text.gos_timeAddMilliseconds
                0x0800ae00      0x200 C:\Users\Ahmed\Documents\GitHub\GOS2022\Projects\PortTest\GOS2022\Debug\libGOS2022.a(gos_time.o)
                0x0800ae00                gos_timeAddMilliseconds
 .text.gos_runTimeAddMicroseconds
                0x0800b000      0x1c0 C:\Users\Ahmed\Documents\GitHub\GOS2022\Projects\PortTest\GOS2022\Debug\libGOS2022.a(gos_time.o)
                0x0800b000                gos_runTimeAddMicroseconds
 .text.gos_runTimeAddMilliseconds
                0x0800b1c0      0x150 C:\Users\Ahmed\Documents\GitHub\GOS2022\Projects\PortTest\GOS2022\Debug\libGOS2022.a(gos_time.o)
                0x0800b1c0                gos_runTimeAddMilliseconds
 .text.gos_timeIncreaseSystemTime
                0x0800b310       0x44 C:\Users\Ahmed\Documents\GitHub\GOS2022\Projects\PortTest\GOS2022\Debug\libGOS2022.a(gos_time.o)
                0x0800b310                gos_timeIncreaseSystemTime
 .text.gos_timeDaemonTask
                0x0800b354       0xb8 C:\Users\Ahmed\Documents\GitHub\GOS2022\Projects\PortTest\GOS2022\Debug\libGOS2022.a(gos_time.o)
 .text.gos_traceInit
                0x0800b40c       0x4c C:\Users\Ahmed\Documents\GitHub\GOS2022\Projects\PortTest\GOS2022\Debug\libGOS2022.a(gos_trace.o)
                0x0800b40c                gos_traceInit
 .text.gos_traceTrace
                0x0800b458      0x238 C:\Users\Ahmed\Documents\GitHub\GOS2022\Projects\PortTest\GOS2022\Debug\libGOS2022.a(gos_trace.o)
                0x0800b458                gos_traceTrace
 .text.gos_traceTraceFormatted
                0x0800b690      0x258 C:\Users\Ahmed\Documents\GitHub\GOS2022\Projects\PortTest\GOS2022\Debug\libGOS2022.a(gos_trace.o)
                0x0800b690                gos_traceTraceFormatted
 .text.gos_traceTraceFormattedUnsafe
                0x0800b8e8       0x64 C:\Users\Ahmed\Documents\GitHub\GOS2022\Projects\PortTest\GOS2022\Debug\libGOS2022.a(gos_trace.o)
                0x0800b8e8                gos_traceTraceFormattedUnsafe
 .text.gos_traceDaemonTask
                0x0800b94c       0x54 C:\Users\Ahmed\Documents\GitHub\GOS2022\Projects\PortTest\GOS2022\Debug\libGOS2022.a(gos_trace.o)
 .text.gos_triggerInit
                0x0800b9a0       0x38 C:\Users\Ahmed\Documents\GitHub\GOS2022\Projects\PortTest\GOS2022\Debug\libGOS2022.a(gos_trigger.o)
                0x0800b9a0                gos_triggerInit
 .text.gos_triggerReset
                0x0800b9d8       0xb0 C:\Users\Ahmed\Documents\GitHub\GOS2022\Projects\PortTest\GOS2022\Debug\libGOS2022.a(gos_trigger.o)
                0x0800b9d8                gos_triggerReset
 .text.gos_triggerWait
                0x0800ba88      0x160 C:\Users\Ahmed\Documents\GitHub\GOS2022\Projects\PortTest\GOS2022\Debug\libGOS2022.a(gos_trigger.o)
                0x0800ba88                gos_triggerWait
 .text.gos_triggerIncrement
                0x0800bbe8      0x114 C:\Users\Ahmed\Documents\GitHub\GOS2022\Projects\PortTest\GOS2022\Debug\libGOS2022.a(gos_trigger.o)
                0x0800bbe8                gos_triggerIncrement
 .text.gos_crcDriverGetCrc
                0x0800bcfc       0x7c C:\Users\Ahmed\Documents\GitHub\GOS2022\Projects\PortTest\GOS2022\Debug\libGOS2022.a(gos_crc_driver.o)
                0x0800bcfc                gos_crcDriverGetCrc
 .text.gos_shellDriverReceiveChar
                0x0800bd78       0x30 C:\Users\Ahmed\Documents\GitHub\GOS2022\Projects\PortTest\GOS2022\Debug\libGOS2022.a(gos_shell_driver.o)
                0x0800bd78                gos_shellDriverReceiveChar
 .text.gos_shellDriverTransmitString
                0x0800bda8       0x48 C:\Users\Ahmed\Documents\GitHub\GOS2022\Projects\PortTest\GOS2022\Debug\libGOS2022.a(gos_shell_driver.o)
                0x0800bda8                gos_shellDriverTransmitString
 .text.gos_sysmonDriverReceive
                0x0800bdf0       0x38 C:\Users\Ahmed\Documents\GitHub\GOS2022\Projects\PortTest\GOS2022\Debug\libGOS2022.a(gos_sysmon_driver.o)
                0x0800bdf0                gos_sysmonDriverReceive
 .text.gos_sysmonDriverTransmit
                0x0800be28       0x38 C:\Users\Ahmed\Documents\GitHub\GOS2022\Projects\PortTest\GOS2022\Debug\libGOS2022.a(gos_sysmon_driver.o)
                0x0800be28                gos_sysmonDriverTransmit
 .text.gos_timerDriverSysTimerGet
                0x0800be60       0x30 C:\Users\Ahmed\Documents\GitHub\GOS2022\Projects\PortTest\GOS2022\Debug\libGOS2022.a(gos_timer_driver.o)
                0x0800be60                gos_timerDriverSysTimerGet
 .text._strtol_l.constprop.0
                0x0800be90       0xf4 C:/ST/STM32CubeIDE_1.17.0/STM32CubeIDE/plugins/com.st.stm32cube.ide.mcu.externaltools.gnu-tools-for-stm32.12.3.rel1.win32_1.1.0.202410251130/tools/bin/../lib/gcc/arm-none-eabi/12.3.1/../../../../arm-none-eabi/lib/thumb/v7e-m+fp/hard\libc_nano.a(libc_a-strtol.o)
 .text.strtol   0x0800bf84       0x14 C:/ST/STM32CubeIDE_1.17.0/STM32CubeIDE/plugins/com.st.stm32cube.ide.mcu.externaltools.gnu-tools-for-stm32.12.3.rel1.win32_1.1.0.202410251130/tools/bin/../lib/gcc/arm-none-eabi/12.3.1/../../../../arm-none-eabi/lib/thumb/v7e-m+fp/hard\libc_nano.a(libc_a-strtol.o)
                0x0800bf84                strtol
 .text.sprintf  0x0800bf98       0x40 C:/ST/STM32CubeIDE_1.17.0/STM32CubeIDE/plugins/com.st.stm32cube.ide.mcu.externaltools.gnu-tools-for-stm32.12.3.rel1.win32_1.1.0.202410251130/tools/bin/../lib/gcc/arm-none-eabi/12.3.1/../../../../arm-none-eabi/lib/thumb/v7e-m+fp/hard\libc_nano.a(libc_a-sprintf.o)
                0x0800bf98                siprintf
                0x0800bf98                sprintf
 .text._vsprintf_r
                0x0800bfd8       0x2c C:/ST/STM32CubeIDE_1.17.0/STM32CubeIDE/plugins/com.st.stm32cube.ide.mcu.externaltools.gnu-tools-for-stm32.12.3.rel1.win32_1.1.0.202410251130/tools/bin/../lib/gcc/arm-none-eabi/12.3.1/../../../../arm-none-eabi/lib/thumb/v7e-m+fp/hard\libc_nano.a(libc_a-vsprintf.o)
                0x0800bfd8                _vsprintf_r
                0x0800bfd8                _vsiprintf_r
 .text.vsprintf
                0x0800c004       0x14 C:/ST/STM32CubeIDE_1.17.0/STM32CubeIDE/plugins/com.st.stm32cube.ide.mcu.externaltools.gnu-tools-for-stm32.12.3.rel1.win32_1.1.0.202410251130/tools/bin/../lib/gcc/arm-none-eabi/12.3.1/../../../../arm-none-eabi/lib/thumb/v7e-m+fp/hard\libc_nano.a(libc_a-vsprintf.o)
                0x0800c004                vsiprintf
                0x0800c004                vsprintf
 .text.memset   0x0800c018       0x10 C:/ST/STM32CubeIDE_1.17.0/STM32CubeIDE/plugins/com.st.stm32cube.ide.mcu.externaltools.gnu-tools-for-stm32.12.3.rel1.win32_1.1.0.202410251130/tools/bin/../lib/gcc/arm-none-eabi/12.3.1/../../../../arm-none-eabi/lib/thumb/v7e-m+fp/hard\libc_nano.a(libc_a-memset.o)
                0x0800c018                memset
 .text.__errno  0x0800c028        0xc C:/ST/STM32CubeIDE_1.17.0/STM32CubeIDE/plugins/com.st.stm32cube.ide.mcu.externaltools.gnu-tools-for-stm32.12.3.rel1.win32_1.1.0.202410251130/tools/bin/../lib/gcc/arm-none-eabi/12.3.1/../../../../arm-none-eabi/lib/thumb/v7e-m+fp/hard\libc_nano.a(libc_a-errno.o)
                0x0800c028                __errno
 .text.__libc_init_array
                0x0800c034       0x48 C:/ST/STM32CubeIDE_1.17.0/STM32CubeIDE/plugins/com.st.stm32cube.ide.mcu.externaltools.gnu-tools-for-stm32.12.3.rel1.win32_1.1.0.202410251130/tools/bin/../lib/gcc/arm-none-eabi/12.3.1/../../../../arm-none-eabi/lib/thumb/v7e-m+fp/hard\libc_nano.a(libc_a-init.o)
                0x0800c034                __libc_init_array
 .text.__retarget_lock_acquire_recursive
                0x0800c07c        0x2 C:/ST/STM32CubeIDE_1.17.0/STM32CubeIDE/plugins/com.st.stm32cube.ide.mcu.externaltools.gnu-tools-for-stm32.12.3.rel1.win32_1.1.0.202410251130/tools/bin/../lib/gcc/arm-none-eabi/12.3.1/../../../../arm-none-eabi/lib/thumb/v7e-m+fp/hard\libc_nano.a(libc_a-lock.o)
                0x0800c07c                __retarget_lock_acquire_recursive
 .text.__retarget_lock_release_recursive
                0x0800c07e        0x2 C:/ST/STM32CubeIDE_1.17.0/STM32CubeIDE/plugins/com.st.stm32cube.ide.mcu.externaltools.gnu-tools-for-stm32.12.3.rel1.win32_1.1.0.202410251130/tools/bin/../lib/gcc/arm-none-eabi/12.3.1/../../../../arm-none-eabi/lib/thumb/v7e-m+fp/hard\libc_nano.a(libc_a-lock.o)
                0x0800c07e                __retarget_lock_release_recursive
 .text.strcpy   0x0800c080       0x10 C:/ST/STM32CubeIDE_1.17.0/STM32CubeIDE/plugins/com.st.stm32cube.ide.mcu.externaltools.gnu-tools-for-stm32.12.3.rel1.win32_1.1.0.202410251130/tools/bin/../lib/gcc/arm-none-eabi/12.3.1/../../../../arm-none-eabi/lib/thumb/v7e-m+fp/hard\libc_nano.a(libc_a-strcpy.o)
                0x0800c080                strcpy
 .text.memcpy   0x0800c090       0x1c C:/ST/STM32CubeIDE_1.17.0/STM32CubeIDE/plugins/com.st.stm32cube.ide.mcu.externaltools.gnu-tools-for-stm32.12.3.rel1.win32_1.1.0.202410251130/tools/bin/../lib/gcc/arm-none-eabi/12.3.1/../../../../arm-none-eabi/lib/thumb/v7e-m+fp/hard\libc_nano.a(libc_a-memcpy-stub.o)
                0x0800c090                memcpy
 .text._free_r  0x0800c0ac       0x94 C:/ST/STM32CubeIDE_1.17.0/STM32CubeIDE/plugins/com.st.stm32cube.ide.mcu.externaltools.gnu-tools-for-stm32.12.3.rel1.win32_1.1.0.202410251130/tools/bin/../lib/gcc/arm-none-eabi/12.3.1/../../../../arm-none-eabi/lib/thumb/v7e-m+fp/hard\libc_nano.a(libc_a-freer.o)
                0x0800c0ac                _free_r
 .text.sbrk_aligned
                0x0800c140       0x44 C:/ST/STM32CubeIDE_1.17.0/STM32CubeIDE/plugins/com.st.stm32cube.ide.mcu.externaltools.gnu-tools-for-stm32.12.3.rel1.win32_1.1.0.202410251130/tools/bin/../lib/gcc/arm-none-eabi/12.3.1/../../../../arm-none-eabi/lib/thumb/v7e-m+fp/hard\libc_nano.a(libc_a-mallocr.o)
 .text._malloc_r
                0x0800c184      0x100 C:/ST/STM32CubeIDE_1.17.0/STM32CubeIDE/plugins/com.st.stm32cube.ide.mcu.externaltools.gnu-tools-for-stm32.12.3.rel1.win32_1.1.0.202410251130/tools/bin/../lib/gcc/arm-none-eabi/12.3.1/../../../../arm-none-eabi/lib/thumb/v7e-m+fp/hard\libc_nano.a(libc_a-mallocr.o)
                0x0800c184                _malloc_r
 .text.__malloc_lock
                0x0800c284        0xc C:/ST/STM32CubeIDE_1.17.0/STM32CubeIDE/plugins/com.st.stm32cube.ide.mcu.externaltools.gnu-tools-for-stm32.12.3.rel1.win32_1.1.0.202410251130/tools/bin/../lib/gcc/arm-none-eabi/12.3.1/../../../../arm-none-eabi/lib/thumb/v7e-m+fp/hard\libc_nano.a(libc_a-mlock.o)
                0x0800c284                __malloc_lock
 .text.__malloc_unlock
                0x0800c290        0xc C:/ST/STM32CubeIDE_1.17.0/STM32CubeIDE/plugins/com.st.stm32cube.ide.mcu.externaltools.gnu-tools-for-stm32.12.3.rel1.win32_1.1.0.202410251130/tools/bin/../lib/gcc/arm-none-eabi/12.3.1/../../../../arm-none-eabi/lib/thumb/v7e-m+fp/hard\libc_nano.a(libc_a-mlock.o)
                0x0800c290                __malloc_unlock
 .text.__ssputs_r
                0x0800c29c       0xb6 C:/ST/STM32CubeIDE_1.17.0/STM32CubeIDE/plugins/com.st.stm32cube.ide.mcu.externaltools.gnu-tools-for-stm32.12.3.rel1.win32_1.1.0.202410251130/tools/bin/../lib/gcc/arm-none-eabi/12.3.1/../../../../arm-none-eabi/lib/thumb/v7e-m+fp/hard\libc_nano.a(libc_a-nano-svfprintf.o)
                0x0800c29c                __ssputs_r
 *fill*         0x0800c352        0x2 
 .text._svfprintf_r
                0x0800c354      0x1f8 C:/ST/STM32CubeIDE_1.17.0/STM32CubeIDE/plugins/com.st.stm32cube.ide.mcu.externaltools.gnu-tools-for-stm32.12.3.rel1.win32_1.1.0.202410251130/tools/bin/../lib/gcc/arm-none-eabi/12.3.1/../../../../arm-none-eabi/lib/thumb/v7e-m+fp/hard\libc_nano.a(libc_a-nano-svfprintf.o)
                0x0800c354                _svfiprintf_r
                0x0800c354                _svfprintf_r
 .text._printf_common
                0x0800c54c       0xda C:/ST/STM32CubeIDE_1.17.0/STM32CubeIDE/plugins/com.st.stm32cube.ide.mcu.externaltools.gnu-tools-for-stm32.12.3.rel1.win32_1.1.0.202410251130/tools/bin/../lib/gcc/arm-none-eabi/12.3.1/../../../../arm-none-eabi/lib/thumb/v7e-m+fp/hard\libc_nano.a(libc_a-nano-vfprintf_i.o)
                0x0800c54c                _printf_common
 *fill*         0x0800c626        0x2 
 .text._printf_i
                0x0800c628      0x240 C:/ST/STM32CubeIDE_1.17.0/STM32CubeIDE/plugins/com.st.stm32cube.ide.mcu.externaltools.gnu-tools-for-stm32.12.3.rel1.win32_1.1.0.202410251130/tools/bin/../lib/gcc/arm-none-eabi/12.3.1/../../../../arm-none-eabi/lib/thumb/v7e-m+fp/hard\libc_nano.a(libc_a-nano-vfprintf_i.o)
                0x0800c628                _printf_i
 .text.memmove  0x0800c868       0x34 C:/ST/STM32CubeIDE_1.17.0/STM32CubeIDE/plugins/com.st.stm32cube.ide.mcu.externaltools.gnu-tools-for-stm32.12.3.rel1.win32_1.1.0.202410251130/tools/bin/../lib/gcc/arm-none-eabi/12.3.1/../../../../arm-none-eabi/lib/thumb/v7e-m+fp/hard\libc_nano.a(libc_a-memmove.o)
                0x0800c868                memmove
 .text._sbrk_r  0x0800c89c       0x20 C:/ST/STM32CubeIDE_1.17.0/STM32CubeIDE/plugins/com.st.stm32cube.ide.mcu.externaltools.gnu-tools-for-stm32.12.3.rel1.win32_1.1.0.202410251130/tools/bin/../lib/gcc/arm-none-eabi/12.3.1/../../../../arm-none-eabi/lib/thumb/v7e-m+fp/hard\libc_nano.a(libc_a-sbrkr.o)
                0x0800c89c                _sbrk_r
 .text._realloc_r
                0x0800c8bc       0x5c C:/ST/STM32CubeIDE_1.17.0/STM32CubeIDE/plugins/com.st.stm32cube.ide.mcu.externaltools.gnu-tools-for-stm32.12.3.rel1.win32_1.1.0.202410251130/tools/bin/../lib/gcc/arm-none-eabi/12.3.1/../../../../arm-none-eabi/lib/thumb/v7e-m+fp/hard\libc_nano.a(libc_a-reallocr.o)
                0x0800c8bc                _realloc_r
 .text._malloc_usable_size_r
                0x0800c918       0x10 C:/ST/STM32CubeIDE_1.17.0/STM32CubeIDE/plugins/com.st.stm32cube.ide.mcu.externaltools.gnu-tools-for-stm32.12.3.rel1.win32_1.1.0.202410251130/tools/bin/../lib/gcc/arm-none-eabi/12.3.1/../../../../arm-none-eabi/lib/thumb/v7e-m+fp/hard\libc_nano.a(libc_a-msizer.o)
                0x0800c918                _malloc_usable_size_r
 *(.glue_7)
 .glue_7        0x0800c928        0x0 linker stubs
 *(.glue_7t)
 .glue_7t       0x0800c928        0x0 linker stubs
 *(.eh_frame)
 .eh_frame      0x0800c928        0x0 C:/ST/STM32CubeIDE_1.17.0/STM32CubeIDE/plugins/com.st.stm32cube.ide.mcu.externaltools.gnu-tools-for-stm32.12.3.rel1.win32_1.1.0.202410251130/tools/bin/../lib/gcc/arm-none-eabi/12.3.1/thumb/v7e-m+fp/hard/crtbegin.o
 *(.init)
 .init          0x0800c928        0x4 C:/ST/STM32CubeIDE_1.17.0/STM32CubeIDE/plugins/com.st.stm32cube.ide.mcu.externaltools.gnu-tools-for-stm32.12.3.rel1.win32_1.1.0.202410251130/tools/bin/../lib/gcc/arm-none-eabi/12.3.1/thumb/v7e-m+fp/hard/crti.o
                0x0800c928                _init
 .init          0x0800c92c        0x8 C:/ST/STM32CubeIDE_1.17.0/STM32CubeIDE/plugins/com.st.stm32cube.ide.mcu.externaltools.gnu-tools-for-stm32.12.3.rel1.win32_1.1.0.202410251130/tools/bin/../lib/gcc/arm-none-eabi/12.3.1/thumb/v7e-m+fp/hard/crtn.o
 *(.fini)
 .fini          0x0800c934        0x4 C:/ST/STM32CubeIDE_1.17.0/STM32CubeIDE/plugins/com.st.stm32cube.ide.mcu.externaltools.gnu-tools-for-stm32.12.3.rel1.win32_1.1.0.202410251130/tools/bin/../lib/gcc/arm-none-eabi/12.3.1/thumb/v7e-m+fp/hard/crti.o
                0x0800c934                _fini
 .fini          0x0800c938        0x8 C:/ST/STM32CubeIDE_1.17.0/STM32CubeIDE/plugins/com.st.stm32cube.ide.mcu.externaltools.gnu-tools-for-stm32.12.3.rel1.win32_1.1.0.202410251130/tools/bin/../lib/gcc/arm-none-eabi/12.3.1/thumb/v7e-m+fp/hard/crtn.o
                0x0800c940                        . = ALIGN (0x4)
                0x0800c940                        _etext = .

.vfp11_veneer   0x0800c940        0x0
 .vfp11_veneer  0x0800c940        0x0 linker stubs

.v4_bx          0x0800c940        0x0
 .v4_bx         0x0800c940        0x0 linker stubs

.iplt           0x0800c940        0x0
 .iplt          0x0800c940        0x0 C:/ST/STM32CubeIDE_1.17.0/STM32CubeIDE/plugins/com.st.stm32cube.ide.mcu.externaltools.gnu-tools-for-stm32.12.3.rel1.win32_1.1.0.202410251130/tools/bin/../lib/gcc/arm-none-eabi/12.3.1/thumb/v7e-m+fp/hard/crtbegin.o

.rodata         0x0800c940     0x1794
                0x0800c940                        . = ALIGN (0x4)
 *(.rodata)
 .rodata        0x0800c940       0x21 ./Core/Src/app.o
 *fill*         0x0800c961        0x3 
 .rodata        0x0800c964       0x2f ./Driver/cfg/dsm_cfg.o
 *fill*         0x0800c993        0x1 
 .rodata        0x0800c994      0x1c2 C:\Users\Ahmed\Documents\GitHub\GOS2022\Projects\PortTest\GOS2022_lib\Build_stm32f411xe\libGOS2022_lib.a(svl_dsm.o)
 *fill*         0x0800cb56        0x2 
 .rodata        0x0800cb58       0x4b C:\Users\Ahmed\Documents\GitHub\GOS2022\Projects\PortTest\GOS2022_lib\Build_stm32f411xe\libGOS2022_lib.a(svl_pdh.o)
 *fill*         0x0800cba3        0x1 
 .rodata        0x0800cba4      0x435 C:\Users\Ahmed\Documents\GitHub\GOS2022\Projects\PortTest\GOS2022\Debug\libGOS2022.a(gos_kernel.o)
 *fill*         0x0800cfd9        0x3 
 .rodata        0x0800cfdc      0x133 C:\Users\Ahmed\Documents\GitHub\GOS2022\Projects\PortTest\GOS2022\Debug\libGOS2022.a(gos_task.o)
 *fill*         0x0800d10f        0x1 
 .rodata        0x0800d110       0xea C:\Users\Ahmed\Documents\GitHub\GOS2022\Projects\PortTest\GOS2022\Debug\libGOS2022.a(gos.o)
 *fill*         0x0800d1fa        0x2 
 .rodata        0x0800d1fc      0x50d C:\Users\Ahmed\Documents\GitHub\GOS2022\Projects\PortTest\GOS2022\Debug\libGOS2022.a(gos_error.o)
 *fill*         0x0800d709        0x3 
 .rodata        0x0800d70c       0xd5 C:\Users\Ahmed\Documents\GitHub\GOS2022\Projects\PortTest\GOS2022\Debug\libGOS2022.a(gos_queue.o)
 *fill*         0x0800d7e1        0x3 
 .rodata        0x0800d7e4      0x3ed C:\Users\Ahmed\Documents\GitHub\GOS2022\Projects\PortTest\GOS2022\Debug\libGOS2022.a(gos_shell.o)
 *fill*         0x0800dbd1        0x3 
 .rodata        0x0800dbd4       0x29 C:\Users\Ahmed\Documents\GitHub\GOS2022\Projects\PortTest\GOS2022\Debug\libGOS2022.a(gos_signal.o)
 *fill*         0x0800dbfd        0x3 
 .rodata        0x0800dc00       0x2f C:\Users\Ahmed\Documents\GitHub\GOS2022\Projects\PortTest\GOS2022\Debug\libGOS2022.a(gos_trace.o)
 *(.rodata*)
 *fill*         0x0800dc2f        0x1 
 .rodata.AHBPrescTable
                0x0800dc30       0x10 ./Core/Src/system_stm32f4xx.o
                0x0800dc30                AHBPrescTable
 .rodata.APBPrescTable
                0x0800dc40        0x8 ./Core/Src/system_stm32f4xx.o
                0x0800dc40                APBPrescTable
 .rodata.initPhaseConfig
                0x0800dc48      0x104 ./Driver/cfg/dsm_cfg.o
                0x0800dc48                initPhaseConfig
 .rodata.reactionConfig
                0x0800dd4c        0x0 ./Driver/cfg/dsm_cfg.o
                0x0800dd4c                reactionConfig
 .rodata.gpioConfig
                0x0800dd4c       0x54 ./Driver/cfg/gpio_cfg.o
                0x0800dd4c                gpioConfig
 .rodata.gpioItConfig
                0x0800dda0        0x0 ./Driver/cfg/gpio_cfg.o
                0x0800dda0                gpioItConfig
 .rodata.itConfig
                0x0800dda0        0xc ./Driver/cfg/it_cfg.o
                0x0800dda0                itConfig
 .rodata.tmrServiceConfig
                0x0800ddac        0x1 ./Driver/cfg/tmr_cfg.o
                0x0800ddac                tmrServiceConfig
 *fill*         0x0800ddad        0x3 
 .rodata.uartConfig
                0x0800ddb0       0x28 ./Driver/cfg/uart_cfg.o
                0x0800ddb0                uartConfig
 .rodata.uartServiceConfig
                0x0800ddd8        0x3 ./Driver/cfg/uart_cfg.o
                0x0800ddd8                uartServiceConfig
 *fill*         0x0800dddb        0x1 
 .rodata.__func__.7
                0x0800dddc        0xf C:\Users\Ahmed\Documents\GitHub\GOS2022\Projects\PortTest\GOS2022\Debug\libGOS2022.a(gos_task.o)
 *fill*         0x0800ddeb        0x1 
 .rodata.__func__.6
                0x0800ddec       0x10 C:\Users\Ahmed\Documents\GitHub\GOS2022\Projects\PortTest\GOS2022\Debug\libGOS2022.a(gos_task.o)
 .rodata.__func__.5
                0x0800ddfc        0xf C:\Users\Ahmed\Documents\GitHub\GOS2022\Projects\PortTest\GOS2022\Debug\libGOS2022.a(gos_task.o)
 *fill*         0x0800de0b        0x1 
 .rodata.__func__.4
                0x0800de0c        0xe C:\Users\Ahmed\Documents\GitHub\GOS2022\Projects\PortTest\GOS2022\Debug\libGOS2022.a(gos_task.o)
 *fill*         0x0800de1a        0x2 
 .rodata.__func__.3
                0x0800de1c       0x10 C:\Users\Ahmed\Documents\GitHub\GOS2022\Projects\PortTest\GOS2022\Debug\libGOS2022.a(gos_task.o)
 .rodata.__func__.2
                0x0800de2c        0xf C:\Users\Ahmed\Documents\GitHub\GOS2022\Projects\PortTest\GOS2022\Debug\libGOS2022.a(gos_task.o)
 *fill*         0x0800de3b        0x1 
 .rodata.__func__.1
                0x0800de3c       0x14 C:\Users\Ahmed\Documents\GitHub\GOS2022\Projects\PortTest\GOS2022\Debug\libGOS2022.a(gos_task.o)
 .rodata.__func__.0
                0x0800de50       0x1c C:\Users\Ahmed\Documents\GitHub\GOS2022\Projects\PortTest\GOS2022\Debug\libGOS2022.a(gos_task.o)
 .rodata.__func__.2
                0x0800de6c        0x5 C:\Users\Ahmed\Documents\GitHub\GOS2022\Projects\PortTest\GOS2022\Debug\libGOS2022.a(gos.o)
 *fill*         0x0800de71        0x3 
 .rodata.__func__.0
                0x0800de74       0x11 C:\Users\Ahmed\Documents\GitHub\GOS2022\Projects\PortTest\GOS2022\Debug\libGOS2022.a(gos_signal.o)
 *fill*         0x0800de85        0x3 
 .rodata.sysmonLut
                0x0800de88      0x100 C:\Users\Ahmed\Documents\GitHub\GOS2022\Projects\PortTest\GOS2022\Debug\libGOS2022.a(gos_sysmon.o)
 .rodata.dayLookupTable
                0x0800df88       0x18 C:\Users\Ahmed\Documents\GitHub\GOS2022\Projects\PortTest\GOS2022\Debug\libGOS2022.a(gos_time.o)
 .rodata._ctype_
                0x0800dfa0      0x101 C:/ST/STM32CubeIDE_1.17.0/STM32CubeIDE/plugins/com.st.stm32cube.ide.mcu.externaltools.gnu-tools-for-stm32.12.3.rel1.win32_1.1.0.202410251130/tools/bin/../lib/gcc/arm-none-eabi/12.3.1/../../../../arm-none-eabi/lib/thumb/v7e-m+fp/hard\libc_nano.a(libc_a-ctype_.o)
                0x0800dfa0                _ctype_
 .rodata._svfprintf_r.str1.1
                0x0800e0a1       0x11 C:/ST/STM32CubeIDE_1.17.0/STM32CubeIDE/plugins/com.st.stm32cube.ide.mcu.externaltools.gnu-tools-for-stm32.12.3.rel1.win32_1.1.0.202410251130/tools/bin/../lib/gcc/arm-none-eabi/12.3.1/../../../../arm-none-eabi/lib/thumb/v7e-m+fp/hard\libc_nano.a(libc_a-nano-svfprintf.o)
 .rodata._printf_i.str1.1
                0x0800e0b2       0x22 C:/ST/STM32CubeIDE_1.17.0/STM32CubeIDE/plugins/com.st.stm32cube.ide.mcu.externaltools.gnu-tools-for-stm32.12.3.rel1.win32_1.1.0.202410251130/tools/bin/../lib/gcc/arm-none-eabi/12.3.1/../../../../arm-none-eabi/lib/thumb/v7e-m+fp/hard\libc_nano.a(libc_a-nano-vfprintf_i.o)
                0x0800e0d4                        . = ALIGN (0x4)

.ARM.extab      0x0800e0d4        0x0
                0x0800e0d4                        . = ALIGN (0x4)
 *(.ARM.extab* .gnu.linkonce.armextab.*)
                0x0800e0d4                        . = ALIGN (0x4)

.ARM            0x0800e0d4        0x8
                0x0800e0d4                        . = ALIGN (0x4)
                0x0800e0d4                        __exidx_start = .
 *(.ARM.exidx*)
 .ARM.exidx     0x0800e0d4        0x8 C:/ST/STM32CubeIDE_1.17.0/STM32CubeIDE/plugins/com.st.stm32cube.ide.mcu.externaltools.gnu-tools-for-stm32.12.3.rel1.win32_1.1.0.202410251130/tools/bin/../lib/gcc/arm-none-eabi/12.3.1/../../../../arm-none-eabi/lib/thumb/v7e-m+fp/hard\libc_nano.a(libc_a-strcmp.o)
 .ARM.exidx     0x0800e0dc        0x0 C:/ST/STM32CubeIDE_1.17.0/STM32CubeIDE/plugins/com.st.stm32cube.ide.mcu.externaltools.gnu-tools-for-stm32.12.3.rel1.win32_1.1.0.202410251130/tools/bin/../lib/gcc/arm-none-eabi/12.3.1/../../../../arm-none-eabi/lib/thumb/v7e-m+fp/hard\libc_nano.a(libc_a-strlen.o)
                                  0x8 (size before relaxing)
 .ARM.exidx     0x0800e0dc        0x0 C:/ST/STM32CubeIDE_1.17.0/STM32CubeIDE/plugins/com.st.stm32cube.ide.mcu.externaltools.gnu-tools-for-stm32.12.3.rel1.win32_1.1.0.202410251130/tools/bin/../lib/gcc/arm-none-eabi/12.3.1/../../../../arm-none-eabi/lib/thumb/v7e-m+fp/hard\libc_nano.a(libc_a-memchr.o)
                                  0x8 (size before relaxing)
 .ARM.exidx     0x0800e0dc        0x0 C:/ST/STM32CubeIDE_1.17.0/STM32CubeIDE/plugins/com.st.stm32cube.ide.mcu.externaltools.gnu-tools-for-stm32.12.3.rel1.win32_1.1.0.202410251130/tools/bin/../lib/gcc/arm-none-eabi/12.3.1/thumb/v7e-m+fp/hard\libgcc.a(_udivmoddi4.o)
                                  0x8 (size before relaxing)
                0x0800e0dc                        __exidx_end = .
                0x0800e0dc                        . = ALIGN (0x4)

.preinit_array  0x0800e0dc        0x0
                0x0800e0dc                        . = ALIGN (0x4)
                0x0800e0dc                        PROVIDE (__preinit_array_start = .)
 *(.preinit_array*)
                0x0800e0dc                        PROVIDE (__preinit_array_end = .)
                0x0800e0dc                        . = ALIGN (0x4)

.init_array     0x0800e0dc        0x4
                0x0800e0dc                        . = ALIGN (0x4)
                0x0800e0dc                        PROVIDE (__init_array_start = .)
 *(SORT_BY_NAME(.init_array.*))
 *(.init_array*)
 .init_array    0x0800e0dc        0x4 C:/ST/STM32CubeIDE_1.17.0/STM32CubeIDE/plugins/com.st.stm32cube.ide.mcu.externaltools.gnu-tools-for-stm32.12.3.rel1.win32_1.1.0.202410251130/tools/bin/../lib/gcc/arm-none-eabi/12.3.1/thumb/v7e-m+fp/hard/crtbegin.o
                0x0800e0e0                        PROVIDE (__init_array_end = .)
                0x0800e0e0                        . = ALIGN (0x4)

.fini_array     0x0800e0e0        0x4
                0x0800e0e0                        . = ALIGN (0x4)
                [!provide]                        PROVIDE (__fini_array_start = .)
 *(SORT_BY_NAME(.fini_array.*))
 *(.fini_array*)
 .fini_array    0x0800e0e0        0x4 C:/ST/STM32CubeIDE_1.17.0/STM32CubeIDE/plugins/com.st.stm32cube.ide.mcu.externaltools.gnu-tools-for-stm32.12.3.rel1.win32_1.1.0.202410251130/tools/bin/../lib/gcc/arm-none-eabi/12.3.1/thumb/v7e-m+fp/hard/crtbegin.o
                [!provide]                        PROVIDE (__fini_array_end = .)
                0x0800e0e4                        . = ALIGN (0x4)
                0x0800e0e4                        _sidata = LOADADDR (.data)

.rel.dyn        0x0800e0e4        0x0
 .rel.iplt      0x0800e0e4        0x0 C:/ST/STM32CubeIDE_1.17.0/STM32CubeIDE/plugins/com.st.stm32cube.ide.mcu.externaltools.gnu-tools-for-stm32.12.3.rel1.win32_1.1.0.202410251130/tools/bin/../lib/gcc/arm-none-eabi/12.3.1/thumb/v7e-m+fp/hard/crtbegin.o

.data           0x20000000     0x1a54 load address 0x0800e0e4
                0x20000000                        . = ALIGN (0x4)
                0x20000000                        _sdata = .
 *(.data)
 *(.data*)
 .data.driverFunctions
                0x20000000       0x1c ./Core/Src/app.o
 .data.ledTaskDesc
                0x2000001c       0x6a ./Core/Src/app_led.o
 *fill*         0x20000086        0x2 
 .data.SystemCoreClock
                0x20000088        0x4 ./Core/Src/system_stm32f4xx.o
                0x20000088                SystemCoreClock
 .data.initPhaseConfigSize
                0x2000008c        0x4 ./Driver/cfg/dsm_cfg.o
                0x2000008c                initPhaseConfigSize
 .data.gpioConfigSize
                0x20000090        0x4 ./Driver/cfg/gpio_cfg.o
                0x20000090                gpioConfigSize
 .data.itConfigSize
                0x20000094        0x4 ./Driver/cfg/it_cfg.o
                0x20000094                itConfigSize
 .data.tmrConfig
                0x20000098       0x34 ./Driver/cfg/tmr_cfg.o
                0x20000098                tmrConfig
 .data.tmrConfigSize
                0x200000cc        0x4 ./Driver/cfg/tmr_cfg.o
                0x200000cc                tmrConfigSize
 .data.uartServiceTmoConfig
                0x200000d0       0x2c ./Driver/cfg/uart_cfg.o
                0x200000d0                uartServiceTmoConfig
 .data.uartConfigSize
                0x200000fc        0x4 ./Driver/cfg/uart_cfg.o
                0x200000fc                uartConfigSize
 .data.uwTickPrio
                0x20000100        0x4 ./Drivers/STM32F4xx_HAL_Driver/Src/stm32f4xx_hal.o
                0x20000100                uwTickPrio
 .data.uwTickFreq
                0x20000104        0x1 ./Drivers/STM32F4xx_HAL_Driver/Src/stm32f4xx_hal.o
                0x20000104                uwTickFreq
 *fill*         0x20000105        0x3 
 .data.tmrInstanceLut
                0x20000108       0x20 C:\Users\Ahmed\Documents\GitHub\GOS2022\Projects\PortTest\GOS2022_lib\Build_stm32f411xe\libGOS2022_lib.a(drv_tmr.o)
 .data.uartInstanceLut
                0x20000128        0xc C:\Users\Ahmed\Documents\GitHub\GOS2022\Projects\PortTest\GOS2022_lib\Build_stm32f411xe\libGOS2022_lib.a(drv_uart.o)
 .data.svlDsmDaemonDesc
                0x20000134       0x6a C:\Users\Ahmed\Documents\GitHub\GOS2022\Projects\PortTest\GOS2022_lib\Build_stm32f411xe\libGOS2022_lib.a(svl_dsm.o)
                0x20000134                svlDsmDaemonDesc
 .data.pdhInited
                0x2000019e        0x1 C:\Users\Ahmed\Documents\GitHub\GOS2022\Projects\PortTest\GOS2022_lib\Build_stm32f411xe\libGOS2022_lib.a(svl_pdh.o)
 *fill*         0x2000019f        0x1 
 .data.cpuUseLimit
                0x200001a0        0x2 C:\Users\Ahmed\Documents\GitHub\GOS2022\Projects\PortTest\GOS2022\Debug\libGOS2022.a(gos_kernel.o)
                0x200001a0                cpuUseLimit
 .data.isKernelRunning
                0x200001a2        0x1 C:\Users\Ahmed\Documents\GitHub\GOS2022\Projects\PortTest\GOS2022\Debug\libGOS2022.a(gos_kernel.o)
                0x200001a2                isKernelRunning
 .data.resetRequired
                0x200001a3        0x1 C:\Users\Ahmed\Documents\GitHub\GOS2022\Projects\PortTest\GOS2022\Debug\libGOS2022.a(gos_kernel.o)
 .data.privilegedModeSetRequired
                0x200001a4        0x1 C:\Users\Ahmed\Documents\GitHub\GOS2022\Projects\PortTest\GOS2022\Debug\libGOS2022.a(gos_kernel.o)
 *fill*         0x200001a5        0x3 
 .data.taskDescriptors
                0x200001a8     0x13e0 C:\Users\Ahmed\Documents\GitHub\GOS2022\Projects\PortTest\GOS2022\Debug\libGOS2022.a(gos_task.o)
                0x200001a8                taskDescriptors
 .data.initializers
                0x20001588      0x144 C:\Users\Ahmed\Documents\GitHub\GOS2022\Projects\PortTest\GOS2022\Debug\libGOS2022.a(gos.o)
 .data.systemTaskDesc
                0x200016cc       0x6a C:\Users\Ahmed\Documents\GitHub\GOS2022\Projects\PortTest\GOS2022\Debug\libGOS2022.a(gos.o)
 *fill*         0x20001736        0x2 
 .data.messageDaemonTaskDesc
                0x20001738       0x6a C:\Users\Ahmed\Documents\GitHub\GOS2022\Projects\PortTest\GOS2022\Debug\libGOS2022.a(gos_message.o)
 *fill*         0x200017a2        0x2 
 .data.shellDaemonTaskDesc
                0x200017a4       0x6a C:\Users\Ahmed\Documents\GitHub\GOS2022\Projects\PortTest\GOS2022\Debug\libGOS2022.a(gos_shell.o)
 *fill*         0x2000180e        0x2 
 .data.shellCommand
                0x20001810       0x1c C:\Users\Ahmed\Documents\GitHub\GOS2022\Projects\PortTest\GOS2022\Debug\libGOS2022.a(gos_shell.o)
 .data.signalDaemonTaskDescriptor
                0x2000182c       0x6a C:\Users\Ahmed\Documents\GitHub\GOS2022\Projects\PortTest\GOS2022\Debug\libGOS2022.a(gos_signal.o)
 *fill*         0x20001896        0x2 
 .data.sysmonDaemonTaskDesc
                0x20001898       0x6a C:\Users\Ahmed\Documents\GitHub\GOS2022\Projects\PortTest\GOS2022\Debug\libGOS2022.a(gos_sysmon.o)
 *fill*         0x20001902        0x2 
 .data.systemTime
                0x20001904        0xa C:\Users\Ahmed\Documents\GitHub\GOS2022\Projects\PortTest\GOS2022\Debug\libGOS2022.a(gos_time.o)
 *fill*         0x2000190e        0x2 
 .data.timeDaemonTaskDesc
                0x20001910       0x6a C:\Users\Ahmed\Documents\GitHub\GOS2022\Projects\PortTest\GOS2022\Debug\libGOS2022.a(gos_time.o)
 *fill*         0x2000197a        0x2 
 .data.traceQueue
                0x2000197c       0x1a C:\Users\Ahmed\Documents\GitHub\GOS2022\Projects\PortTest\GOS2022\Debug\libGOS2022.a(gos_trace.o)
 *fill*         0x20001996        0x2 
 .data.traceDaemonTaskDesc
                0x20001998       0x6a C:\Users\Ahmed\Documents\GitHub\GOS2022\Projects\PortTest\GOS2022\Debug\libGOS2022.a(gos_trace.o)
 *fill*         0x20001a02        0x2 
 .data._impure_ptr
                0x20001a04        0x4 C:/ST/STM32CubeIDE_1.17.0/STM32CubeIDE/plugins/com.st.stm32cube.ide.mcu.externaltools.gnu-tools-for-stm32.12.3.rel1.win32_1.1.0.202410251130/tools/bin/../lib/gcc/arm-none-eabi/12.3.1/../../../../arm-none-eabi/lib/thumb/v7e-m+fp/hard\libc_nano.a(libc_a-impure.o)
                0x20001a04                _impure_ptr
 .data._impure_data
                0x20001a08       0x4c C:/ST/STM32CubeIDE_1.17.0/STM32CubeIDE/plugins/com.st.stm32cube.ide.mcu.externaltools.gnu-tools-for-stm32.12.3.rel1.win32_1.1.0.202410251130/tools/bin/../lib/gcc/arm-none-eabi/12.3.1/../../../../arm-none-eabi/lib/thumb/v7e-m+fp/hard\libc_nano.a(libc_a-impure.o)
                0x20001a08                _impure_data
 *(.RamFunc)
 *(.RamFunc*)
                0x20001a54                        . = ALIGN (0x4)
                0x20001a54                        _edata = .

.igot.plt       0x20001a54        0x0 load address 0x0800fb38
 .igot.plt      0x20001a54        0x0 C:/ST/STM32CubeIDE_1.17.0/STM32CubeIDE/plugins/com.st.stm32cube.ide.mcu.externaltools.gnu-tools-for-stm32.12.3.rel1.win32_1.1.0.202410251130/tools/bin/../lib/gcc/arm-none-eabi/12.3.1/thumb/v7e-m+fp/hard/crtbegin.o
                0x20001a54                        . = ALIGN (0x4)

.bss            0x20001a54     0xa0c8 load address 0x0800fb38
                0x20001a54                        _sbss = .
                0x20001a54                        __bss_start__ = _sbss
 *(.bss)
 .bss           0x20001a54       0x1c C:/ST/STM32CubeIDE_1.17.0/STM32CubeIDE/plugins/com.st.stm32cube.ide.mcu.externaltools.gnu-tools-for-stm32.12.3.rel1.win32_1.1.0.202410251130/tools/bin/../lib/gcc/arm-none-eabi/12.3.1/thumb/v7e-m+fp/hard/crtbegin.o
 *(.bss*)
 .bss.__sbrk_heap_end
                0x20001a70        0x4 ./Core/Src/sysmem.o
 .bss.reactionConfigSize
                0x20001a74        0x4 ./Driver/cfg/dsm_cfg.o
                0x20001a74                reactionConfigSize
 .bss.gpioItConfigSize
                0x20001a78        0x4 ./Driver/cfg/gpio_cfg.o
                0x20001a78                gpioItConfigSize
 .bss.uwTick    0x20001a7c        0x4 ./Drivers/STM32F4xx_HAL_Driver/Src/stm32f4xx_hal.o
                0x20001a7c                uwTick
 .bss.htims     0x20001a80      0x240 C:\Users\Ahmed\Documents\GitHub\GOS2022\Projects\PortTest\GOS2022_lib\Build_stm32f411xe\libGOS2022_lib.a(drv_tmr.o)
 .bss.tmrMutexes
                0x20001cc0       0x20 C:\Users\Ahmed\Documents\GitHub\GOS2022\Projects\PortTest\GOS2022_lib\Build_stm32f411xe\libGOS2022_lib.a(drv_tmr.o)
 .bss.tmrReadyTriggers
                0x20001ce0       0x60 C:\Users\Ahmed\Documents\GitHub\GOS2022\Projects\PortTest\GOS2022_lib\Build_stm32f411xe\libGOS2022_lib.a(drv_tmr.o)
 .bss.uartErrorFlags
                0x20001d40        0x4 C:\Users\Ahmed\Documents\GitHub\GOS2022\Projects\PortTest\GOS2022_lib\Build_stm32f411xe\libGOS2022_lib.a(drv_uart.o)
 .bss.huarts    0x20001d44       0xcc C:\Users\Ahmed\Documents\GitHub\GOS2022\Projects\PortTest\GOS2022_lib\Build_stm32f411xe\libGOS2022_lib.a(drv_uart.o)
 .bss.uartRxMutexes
                0x20001e10        0xc C:\Users\Ahmed\Documents\GitHub\GOS2022\Projects\PortTest\GOS2022_lib\Build_stm32f411xe\libGOS2022_lib.a(drv_uart.o)
 .bss.uartTxMutexes
                0x20001e1c        0xc C:\Users\Ahmed\Documents\GitHub\GOS2022\Projects\PortTest\GOS2022_lib\Build_stm32f411xe\libGOS2022_lib.a(drv_uart.o)
 .bss.uartRxReadyTriggers
                0x20001e28       0x24 C:\Users\Ahmed\Documents\GitHub\GOS2022\Projects\PortTest\GOS2022_lib\Build_stm32f411xe\libGOS2022_lib.a(drv_uart.o)
 .bss.uartTxReadyTriggers
                0x20001e4c       0x24 C:\Users\Ahmed\Documents\GitHub\GOS2022\Projects\PortTest\GOS2022_lib\Build_stm32f411xe\libGOS2022_lib.a(drv_uart.o)
 .bss.deviceState
                0x20001e70        0x1 C:\Users\Ahmed\Documents\GitHub\GOS2022\Projects\PortTest\GOS2022_lib\Build_stm32f411xe\libGOS2022_lib.a(svl_dsm.o)
 .bss.devicePrevState
                0x20001e71        0x1 C:\Users\Ahmed\Documents\GitHub\GOS2022\Projects\PortTest\GOS2022_lib\Build_stm32f411xe\libGOS2022_lib.a(svl_dsm.o)
 *fill*         0x20001e72        0x2 
 .bss.pdhReadFunction
                0x20001e74        0x4 C:\Users\Ahmed\Documents\GitHub\GOS2022\Projects\PortTest\GOS2022_lib\Build_stm32f411xe\libGOS2022_lib.a(svl_pdh.o)
 .bss.pdhMutex  0x20001e78        0x4 C:\Users\Ahmed\Documents\GitHub\GOS2022\Projects\PortTest\GOS2022_lib\Build_stm32f411xe\libGOS2022_lib.a(svl_pdh.o)
 .bss.driverFunctions
                0x20001e7c       0x1c C:\Users\Ahmed\Documents\GitHub\GOS2022\Projects\PortTest\GOS2022\Debug\libGOS2022.a(gos_driver.o)
                0x20001e7c                driverFunctions
 .bss.kernelDumpReadySignal
                0x20001e98        0x1 C:\Users\Ahmed\Documents\GitHub\GOS2022\Projects\PortTest\GOS2022\Debug\libGOS2022.a(gos_kernel.o)
                0x20001e98                kernelDumpReadySignal
 .bss.schedDisableCntr
                0x20001e99        0x1 C:\Users\Ahmed\Documents\GitHub\GOS2022\Projects\PortTest\GOS2022\Debug\libGOS2022.a(gos_kernel.o)
                0x20001e99                schedDisableCntr
 .bss.inIsr     0x20001e9a        0x1 C:\Users\Ahmed\Documents\GitHub\GOS2022\Projects\PortTest\GOS2022\Debug\libGOS2022.a(gos_kernel.o)
                0x20001e9a                inIsr
 .bss.atomicCntr
                0x20001e9b        0x1 C:\Users\Ahmed\Documents\GitHub\GOS2022\Projects\PortTest\GOS2022\Debug\libGOS2022.a(gos_kernel.o)
                0x20001e9b                atomicCntr
 .bss.primask   0x20001e9c        0x4 C:\Users\Ahmed\Documents\GitHub\GOS2022\Projects\PortTest\GOS2022\Debug\libGOS2022.a(gos_kernel.o)
                0x20001e9c                primask
 .bss.currentTaskIndex
                0x20001ea0        0x4 C:\Users\Ahmed\Documents\GitHub\GOS2022\Projects\PortTest\GOS2022\Debug\libGOS2022.a(gos_kernel.o)
                0x20001ea0                currentTaskIndex
 .bss.sysTicks  0x20001ea4        0x4 C:\Users\Ahmed\Documents\GitHub\GOS2022\Projects\PortTest\GOS2022\Debug\libGOS2022.a(gos_kernel.o)
 .bss.sysTimerValue
                0x20001ea8        0x2 C:\Users\Ahmed\Documents\GitHub\GOS2022\Projects\PortTest\GOS2022\Debug\libGOS2022.a(gos_kernel.o)
 *fill*         0x20001eaa        0x2 
 .bss.monitoringTime
                0x20001eac        0x9 C:\Users\Ahmed\Documents\GitHub\GOS2022\Projects\PortTest\GOS2022\Debug\libGOS2022.a(gos_kernel.o)
 *fill*         0x20001eb5        0x3 
 .bss.kernelSwapHookFunction
                0x20001eb8        0x4 C:\Users\Ahmed\Documents\GitHub\GOS2022\Projects\PortTest\GOS2022\Debug\libGOS2022.a(gos_kernel.o)
 .bss.kernelSysTickHookFunction
                0x20001ebc        0x4 C:\Users\Ahmed\Documents\GitHub\GOS2022\Projects\PortTest\GOS2022\Debug\libGOS2022.a(gos_kernel.o)
 .bss.previousTick
                0x20001ec0        0x4 C:\Users\Ahmed\Documents\GitHub\GOS2022\Projects\PortTest\GOS2022\Debug\libGOS2022.a(gos_kernel.o)
 .bss.kernelTaskDeleteSignal
                0x20001ec4        0x1 C:\Users\Ahmed\Documents\GitHub\GOS2022\Projects\PortTest\GOS2022\Debug\libGOS2022.a(gos_task.o)
                0x20001ec4                kernelTaskDeleteSignal
 *fill*         0x20001ec5        0x3 
 .bss.kernelIdleHookFunction
                0x20001ec8        0x4 C:\Users\Ahmed\Documents\GitHub\GOS2022\Projects\PortTest\GOS2022\Debug\libGOS2022.a(gos_task.o)
 .bss.initError
                0x20001ecc        0x1 C:\Users\Ahmed\Documents\GitHub\GOS2022\Projects\PortTest\GOS2022\Debug\libGOS2022.a(gos.o)
 .bss.dumpRequired
                0x20001ecd        0x1 C:\Users\Ahmed\Documents\GitHub\GOS2022\Projects\PortTest\GOS2022\Debug\libGOS2022.a(gos.o)
 .bss.systemTaskId
                0x20001ece        0x2 C:\Users\Ahmed\Documents\GitHub\GOS2022\Projects\PortTest\GOS2022\Debug\libGOS2022.a(gos.o)
 .bss.errorBuffer
                0x20001ed0       0x50 C:\Users\Ahmed\Documents\GitHub\GOS2022\Projects\PortTest\GOS2022\Debug\libGOS2022.a(gos_error.o)
 .bss.channelFunctions
                0x20001f20       0x20 C:\Users\Ahmed\Documents\GitHub\GOS2022\Projects\PortTest\GOS2022\Debug\libGOS2022.a(gos_gcp.o)
 .bss.gcpRxMutexes