../bld/src/bld_data.c:20:14:bld_dataInitialize	16	static
../bld/src/bld_data.c:82:14:bld_dataReset	16	static
../bld/src/bld_data.c:146:14:bld_dataGet	760	static
../bld/src/bld_data.c:173:14:bld_appDataGet	760	static
../bld/src/bld_data.c:200:14:bld_configGet	760	static
../bld/src/bld_data.c:227:14:bld_dataSet	760	static
../bld/src/bld_data.c:268:14:bld_appDataSet	760	static
../bld/src/bld_data.c:309:14:bld_configSet	760	static
../bld/src/bld_data.c:350:8:bld_dataPrint	8	static
../bld/src/bld_data.c:397:18:bld_dataGetBootloaderSize	16	static
