../bld/src/bld_data.c:20:14:bld_dataInitialize	16	static
../bld/src/bld_data.c:82:14:bld_dataReset	16	static
../bld/src/bld_data.c:148:14:bld_dataGet	112	static
../bld/src/bld_data.c:175:14:bld_appDataGet	112	static
../bld/src/bld_data.c:202:14:bld_configGet	112	static
../bld/src/bld_data.c:229:14:bld_dataSet	112	static
../bld/src/bld_data.c:270:14:bld_appDataSet	112	static
../bld/src/bld_data.c:311:14:bld_configSet	112	static
../bld/src/bld_data.c:352:8:bld_dataPrint	8	static
../bld/src/bld_data.c:401:18:bld_dataGetBootloaderSize	16	static
