Archive member included to satisfy reference by file (symbol)

c:/st/stm32cubeide_1.5.1/stm32cubeide/plugins/com.st.stm32cube.ide.mcu.externaltools.gnu-tools-for-stm32.10.3-2021.10.win32_1.0.200.202301161003/tools/bin/../lib/gcc/arm-none-eabi/10.3.1/../../../../arm-none-eabi/lib/thumb/v7e-m+fp/hard\libc_nano.a(lib_a-atoi.o)
                              ./Core/Src/app_dac.o (atoi)
c:/st/stm32cubeide_1.5.1/stm32cubeide/plugins/com.st.stm32cube.ide.mcu.externaltools.gnu-tools-for-stm32.10.3-2021.10.win32_1.0.200.202301161003/tools/bin/../lib/gcc/arm-none-eabi/10.3.1/../../../../arm-none-eabi/lib/thumb/v7e-m+fp/hard\libc_nano.a(lib_a-ctype_.o)
                              ./Core/driver/src/uart_driver.o (_ctype_)
c:/st/stm32cubeide_1.5.1/stm32cubeide/plugins/com.st.stm32cube.ide.mcu.externaltools.gnu-tools-for-stm32.10.3-2021.10.win32_1.0.200.202301161003/tools/bin/../lib/gcc/arm-none-eabi/10.3.1/../../../../arm-none-eabi/lib/thumb/v7e-m+fp/hard\libc_nano.a(lib_a-errno.o)
                              ./Core/Src/syscalls.o (__errno)
c:/st/stm32cubeide_1.5.1/stm32cubeide/plugins/com.st.stm32cube.ide.mcu.externaltools.gnu-tools-for-stm32.10.3-2021.10.win32_1.0.200.202301161003/tools/bin/../lib/gcc/arm-none-eabi/10.3.1/../../../../arm-none-eabi/lib/thumb/v7e-m+fp/hard\libc_nano.a(lib_a-exit.o)
                              c:/st/stm32cubeide_1.5.1/stm32cubeide/plugins/com.st.stm32cube.ide.mcu.externaltools.gnu-tools-for-stm32.10.3-2021.10.win32_1.0.200.202301161003/tools/bin/../lib/gcc/arm-none-eabi/10.3.1/../../../../arm-none-eabi/lib/thumb/v7e-m+fp/hard/crt0.o (exit)
c:/st/stm32cubeide_1.5.1/stm32cubeide/plugins/com.st.stm32cube.ide.mcu.externaltools.gnu-tools-for-stm32.10.3-2021.10.win32_1.0.200.202301161003/tools/bin/../lib/gcc/arm-none-eabi/10.3.1/../../../../arm-none-eabi/lib/thumb/v7e-m+fp/hard\libc_nano.a(lib_a-impure.o)
                              c:/st/stm32cubeide_1.5.1/stm32cubeide/plugins/com.st.stm32cube.ide.mcu.externaltools.gnu-tools-for-stm32.10.3-2021.10.win32_1.0.200.202301161003/tools/bin/../lib/gcc/arm-none-eabi/10.3.1/../../../../arm-none-eabi/lib/thumb/v7e-m+fp/hard\libc_nano.a(lib_a-exit.o) (_global_impure_ptr)
c:/st/stm32cubeide_1.5.1/stm32cubeide/plugins/com.st.stm32cube.ide.mcu.externaltools.gnu-tools-for-stm32.10.3-2021.10.win32_1.0.200.202301161003/tools/bin/../lib/gcc/arm-none-eabi/10.3.1/../../../../arm-none-eabi/lib/thumb/v7e-m+fp/hard\libc_nano.a(lib_a-init.o)
                              c:/st/stm32cubeide_1.5.1/stm32cubeide/plugins/com.st.stm32cube.ide.mcu.externaltools.gnu-tools-for-stm32.10.3-2021.10.win32_1.0.200.202301161003/tools/bin/../lib/gcc/arm-none-eabi/10.3.1/../../../../arm-none-eabi/lib/thumb/v7e-m+fp/hard/crt0.o (__libc_init_array)
c:/st/stm32cubeide_1.5.1/stm32cubeide/plugins/com.st.stm32cube.ide.mcu.externaltools.gnu-tools-for-stm32.10.3-2021.10.win32_1.0.200.202301161003/tools/bin/../lib/gcc/arm-none-eabi/10.3.1/../../../../arm-none-eabi/lib/thumb/v7e-m+fp/hard\libc_nano.a(lib_a-malloc.o)
                              ./Core/driver/src/ili9341.o (malloc)
c:/st/stm32cubeide_1.5.1/stm32cubeide/plugins/com.st.stm32cube.ide.mcu.externaltools.gnu-tools-for-stm32.10.3-2021.10.win32_1.0.200.202301161003/tools/bin/../lib/gcc/arm-none-eabi/10.3.1/../../../../arm-none-eabi/lib/thumb/v7e-m+fp/hard\libc_nano.a(lib_a-memset.o)
                              c:/st/stm32cubeide_1.5.1/stm32cubeide/plugins/com.st.stm32cube.ide.mcu.externaltools.gnu-tools-for-stm32.10.3-2021.10.win32_1.0.200.202301161003/tools/bin/../lib/gcc/arm-none-eabi/10.3.1/../../../../arm-none-eabi/lib/thumb/v7e-m+fp/hard/crt0.o (memset)
c:/st/stm32cubeide_1.5.1/stm32cubeide/plugins/com.st.stm32cube.ide.mcu.externaltools.gnu-tools-for-stm32.10.3-2021.10.win32_1.0.200.202301161003/tools/bin/../lib/gcc/arm-none-eabi/10.3.1/../../../../arm-none-eabi/lib/thumb/v7e-m+fp/hard\libc_nano.a(lib_a-nano-freer.o)
                              c:/st/stm32cubeide_1.5.1/stm32cubeide/plugins/com.st.stm32cube.ide.mcu.externaltools.gnu-tools-for-stm32.10.3-2021.10.win32_1.0.200.202301161003/tools/bin/../lib/gcc/arm-none-eabi/10.3.1/../../../../arm-none-eabi/lib/thumb/v7e-m+fp/hard\libc_nano.a(lib_a-malloc.o) (_free_r)
c:/st/stm32cubeide_1.5.1/stm32cubeide/plugins/com.st.stm32cube.ide.mcu.externaltools.gnu-tools-for-stm32.10.3-2021.10.win32_1.0.200.202301161003/tools/bin/../lib/gcc/arm-none-eabi/10.3.1/../../../../arm-none-eabi/lib/thumb/v7e-m+fp/hard\libc_nano.a(lib_a-nano-mallocr.o)
                              c:/st/stm32cubeide_1.5.1/stm32cubeide/plugins/com.st.stm32cube.ide.mcu.externaltools.gnu-tools-for-stm32.10.3-2021.10.win32_1.0.200.202301161003/tools/bin/../lib/gcc/arm-none-eabi/10.3.1/../../../../arm-none-eabi/lib/thumb/v7e-m+fp/hard\libc_nano.a(lib_a-malloc.o) (_malloc_r)
[...]
Memory Configuration

Name             Origin             Length             Attributes
RAM              0x0000000020000000 0x0000000000020000 xrw
BIOS             0x0000000008070000 0x0000000000010000 xr
APP              0x0000000008000000 0x0000000000070000 xr
*default*        0x0000000000000000 0xffffffffffffffff

Linker script and memory map

LOAD c:/st/stm32cubeide_1.5.1/stm32cubeide/plugins/com.st.stm32cube.ide.mcu.externaltools.gnu-tools-for-stm32.10.3-2021.10.win32_1.0.200.202301161003/tools/bin/../lib/gcc/arm-none-eabi/10.3.1/thumb/v7e-m+fp/hard/crti.o
LOAD c:/st/stm32cubeide_1.5.1/stm32cubeide/plugins/com.st.stm32cube.ide.mcu.externaltools.gnu-tools-for-stm32.10.3-2021.10.win32_1.0.200.202301161003/tools/bin/../lib/gcc/arm-none-eabi/10.3.1/thumb/v7e-m+fp/hard/crtbegin.o
LOAD c:/st/stm32cubeide_1.5.1/stm32cubeide/plugins/com.st.stm32cube.ide.mcu.externaltools.gnu-tools-for-stm32.10.3-2021.10.win32_1.0.200.202301161003/tools/bin/../lib/gcc/arm-none-eabi/10.3.1/../../../../arm-none-eabi/lib/thumb/v7e-m+fp/hard/crt0.o
LOAD ./Core/Src/app.o
LOAD ./Core/Src/app_button.o
LOAD ./Core/Src/app_counter.o
LOAD ./Core/Src/app_dac.o
LOAD ./Core/Src/app_deadlock.o
LOAD ./Core/Src/app_debouncer.o
LOAD ./Core/Src/app_gcpTest.o
LOAD ./Core/Src/app_led.o
LOAD ./Core/Src/app_menu.o
LOAD ./Core/Src/app_message.o
LOAD ./Core/Src/app_priorityInversion.o
LOAD ./Core/Src/app_pwmled.o
LOAD ./Core/Src/app_queue.o
LOAD ./Core/Src/app_sd.o
LOAD ./Core/Src/app_shell.o
LOAD ./Core/Src/app_singleshot.o
LOAD ./Core/Src/app_tft.o
LOAD ./Core/Src/app_time.o
LOAD ./Core/Src/app_timed.o
LOAD ./Core/Src/syscalls.o
LOAD ./Core/Src/sysmem.o
LOAD ./Core/Src/system_stm32f4xx.o
LOAD ./Core/Startup/startup_stm32f446retx.o
LOAD ./Core/driver/src/adc_driver.o
LOAD ./Core/driver/src/dac_driver.o
LOAD ./Core/driver/src/dma_driver.o
LOAD ./Core/driver/src/eeprom_driver.o
LOAD ./Core/driver/src/file_driver.o
LOAD ./Core/driver/src/gpio_driver.o
LOAD ./Core/driver/src/i2c_driver.o
LOAD ./Core/driver/src/ili9341.o
LOAD ./Core/driver/src/ili9341_font.o
LOAD ./Core/driver/src/ili9341_gfx.o
LOAD ./Core/driver/src/lcd_driver.o
LOAD ./Core/driver/src/pwm_driver.o
LOAD ./Core/driver/src/rcc_driver.o
LOAD ./Core/driver/src/rtc_driver.o
LOAD ./Core/driver/src/sd_driver.o
LOAD ./Core/driver/src/spi_driver.o
LOAD ./Core/driver/src/temperature_driver.o
LOAD ./Core/driver/src/timer_driver.o
LOAD ./Core/driver/src/uart_driver.o
LOAD ./Core/driver/src/z_displ_ILI9XXX.o
LOAD ./Core/driver/src/z_touch_XPT2046.o
LOAD ./Core/gos_graphics/src/g_button.o
LOAD ./Core/gos_graphics/src/g_control.o
LOAD ./Core/gos_graphics/src/g_driver.o
LOAD ./Core/gos_graphics/src/g_label.o
LOAD ./Core/gos_graphics/src/g_window.o
LOAD ./Drivers/STM32F4xx_HAL_Driver/Src/stm32f4xx_hal.o
LOAD ./Drivers/STM32F4xx_HAL_Driver/Src/stm32f4xx_hal_adc.o
LOAD ./Drivers/STM32F4xx_HAL_Driver/Src/stm32f4xx_hal_adc_ex.o
LOAD ./Drivers/STM32F4xx_HAL_Driver/Src/stm32f4xx_hal_cortex.o
LOAD ./Drivers/STM32F4xx_HAL_Driver/Src/stm32f4xx_hal_dac.o
LOAD ./Drivers/STM32F4xx_HAL_Driver/Src/stm32f4xx_hal_dac_ex.o
LOAD ./Drivers/STM32F4xx_HAL_Driver/Src/stm32f4xx_hal_dma.o
LOAD ./Drivers/STM32F4xx_HAL_Driver/Src/stm32f4xx_hal_dma_ex.o
LOAD ./Drivers/STM32F4xx_HAL_Driver/Src/stm32f4xx_hal_exti.o
LOAD ./Drivers/STM32F4xx_HAL_Driver/Src/stm32f4xx_hal_flash.o
LOAD ./Drivers/STM32F4xx_HAL_Driver/Src/stm32f4xx_hal_flash_ex.o
LOAD ./Drivers/STM32F4xx_HAL_Driver/Src/stm32f4xx_hal_flash_ramfunc.o
LOAD ./Drivers/STM32F4xx_HAL_Driver/Src/stm32f4xx_hal_gpio.o
LOAD ./Drivers/STM32F4xx_HAL_Driver/Src/stm32f4xx_hal_i2c.o
LOAD ./Drivers/STM32F4xx_HAL_Driver/Src/stm32f4xx_hal_i2c_ex.o
LOAD ./Drivers/STM32F4xx_HAL_Driver/Src/stm32f4xx_hal_pwr.o
LOAD ./Drivers/STM32F4xx_HAL_Driver/Src/stm32f4xx_hal_pwr_ex.o
LOAD ./Drivers/STM32F4xx_HAL_Driver/Src/stm32f4xx_hal_rcc.o
LOAD ./Drivers/STM32F4xx_HAL_Driver/Src/stm32f4xx_hal_rcc_ex.o
LOAD ./Drivers/STM32F4xx_HAL_Driver/Src/stm32f4xx_hal_spi.o
LOAD ./Drivers/STM32F4xx_HAL_Driver/Src/stm32f4xx_hal_tim.o
LOAD ./Drivers/STM32F4xx_HAL_Driver/Src/stm32f4xx_hal_tim_ex.o
LOAD ./Drivers/STM32F4xx_HAL_Driver/Src/stm32f4xx_hal_uart.o
LOAD ./FATFS/App/fatfs.o
LOAD ./FATFS/Target/user_diskio.o
LOAD ./Middlewares/Third_Party/FatFs/src/diskio.o
LOAD ./Middlewares/Third_Party/FatFs/src/ff.o
LOAD ./Middlewares/Third_Party/FatFs/src/ff_gen_drv.o
LOAD ./Middlewares/Third_Party/FatFs/src/option/ccsbcs.o
LOAD ./Middlewares/Third_Party/FatFs/src/option/syscall.o
START GROUP
LOAD c:/st/stm32cubeide_1.5.1/stm32cubeide/plugins/com.st.stm32cube.ide.mcu.externaltools.gnu-tools-for-stm32.10.3-2021.10.win32_1.0.200.202301161003/tools/bin/../lib/gcc/arm-none-eabi/10.3.1/../../../../arm-none-eabi/lib/thumb/v7e-m+fp/hard\libc_nano.a
LOAD c:/st/stm32cubeide_1.5.1/stm32cubeide/plugins/com.st.stm32cube.ide.mcu.externaltools.gnu-tools-for-stm32.10.3-2021.10.win32_1.0.200.202301161003/tools/bin/../lib/gcc/arm-none-eabi/10.3.1/../../../../arm-none-eabi/lib/thumb/v7e-m+fp/hard\libm.a
END GROUP
START GROUP
LOAD c:/st/stm32cubeide_1.5.1/stm32cubeide/plugins/com.st.stm32cube.ide.mcu.externaltools.gnu-tools-for-stm32.10.3-2021.10.win32_1.0.200.202301161003/tools/bin/../lib/gcc/arm-none-eabi/10.3.1/thumb/v7e-m+fp/hard\libgcc.a
LOAD c:/st/stm32cubeide_1.5.1/stm32cubeide/plugins/com.st.stm32cube.ide.mcu.externaltools.gnu-tools-for-stm32.10.3-2021.10.win32_1.0.200.202301161003/tools/bin/../lib/gcc/arm-none-eabi/10.3.1/../../../../arm-none-eabi/lib/thumb/v7e-m+fp/hard\libc_nano.a
END GROUP
START GROUP
LOAD c:/st/stm32cubeide_1.5.1/stm32cubeide/plugins/com.st.stm32cube.ide.mcu.externaltools.gnu-tools-for-stm32.10.3-2021.10.win32_1.0.200.202301161003/tools/bin/../lib/gcc/arm-none-eabi/10.3.1/thumb/v7e-m+fp/hard\libgcc.a
LOAD c:/st/stm32cubeide_1.5.1/stm32cubeide/plugins/com.st.stm32cube.ide.mcu.externaltools.gnu-tools-for-stm32.10.3-2021.10.win32_1.0.200.202301161003/tools/bin/../lib/gcc/arm-none-eabi/10.3.1/../../../../arm-none-eabi/lib/thumb/v7e-m+fp/hard\libc_nano.a
LOAD c:/st/stm32cubeide_1.5.1/stm32cubeide/plugins/com.st.stm32cube.ide.mcu.externaltools.gnu-tools-for-stm32.10.3-2021.10.win32_1.0.200.202301161003/tools/bin/../lib/gcc/arm-none-eabi/10.3.1/../../../../arm-none-eabi/lib/thumb/v7e-m+fp/hard\libnosys.a
END GROUP
START GROUP
LOAD c:/st/stm32cubeide_1.5.1/stm32cubeide/plugins/com.st.stm32cube.ide.mcu.externaltools.gnu-tools-for-stm32.10.3-2021.10.win32_1.0.200.202301161003/tools/bin/../lib/gcc/arm-none-eabi/10.3.1/thumb/v7e-m+fp/hard\libgcc.a
LOAD c:/st/stm32cubeide_1.5.1/stm32cubeide/plugins/com.st.stm32cube.ide.mcu.externaltools.gnu-tools-for-stm32.10.3-2021.10.win32_1.0.200.202301161003/tools/bin/../lib/gcc/arm-none-eabi/10.3.1/../../../../arm-none-eabi/lib/thumb/v7e-m+fp/hard\libc_nano.a
LOAD c:/st/stm32cubeide_1.5.1/stm32cubeide/plugins/com.st.stm32cube.ide.mcu.externaltools.gnu-tools-for-stm32.10.3-2021.10.win32_1.0.200.202301161003/tools/bin/../lib/gcc/arm-none-eabi/10.3.1/../../../../arm-none-eabi/lib/thumb/v7e-m+fp/hard\libnosys.a
END GROUP
LOAD c:/st/stm32cubeide_1.5.1/stm32cubeide/plugins/com.st.stm32cube.ide.mcu.externaltools.gnu-tools-for-stm32.10.3-2021.10.win32_1.0.200.202301161003/tools/bin/../lib/gcc/arm-none-eabi/10.3.1/thumb/v7e-m+fp/hard/crtend.o
LOAD c:/st/stm32cubeide_1.5.1/stm32cubeide/plugins/com.st.stm32cube.ide.mcu.externaltools.gnu-tools-for-stm32.10.3-2021.10.win32_1.0.200.202301161003/tools/bin/../lib/gcc/arm-none-eabi/10.3.1/thumb/v7e-m+fp/hard/crtn.o
                0x0000000020020000                _estack = (ORIGIN (RAM) + LENGTH (RAM))
                0x0000000000000200                _Min_Heap_Size = 0x200
                0x0000000000000400                _Min_Stack_Size = 0x400

.isr_vector     0x0000000008000000      0x1c4
                0x0000000008000000                . = ALIGN (0x4)
 *(.isr_vector)
 .isr_vector    0x0000000008000000      0x1c4 ./Core/Startup/startup_stm32f446retx.o
                0x0000000008000000                g_pfnVectors
                0x00000000080001c4                . = ALIGN (0x4)

.text           0x00000000080001c4     0x16e8
                0x00000000080001c4                . = ALIGN (0x4)
 *(.text)
 .text          0x00000000080001c4       0x40 c:/st/stm32cubeide_1.5.1/stm32cubeide/plugins/com.st.stm32cube.ide.mcu.externaltools.gnu-tools-for-stm32.10.3-2021.10.win32_1.0.200.202301161003/tools/bin/../lib/gcc/arm-none-eabi/10.3.1/thumb/v7e-m+fp/hard/crtbegin.o
 *(.text*)
 .text.SystemInit
                0x0000000008000204       0x1c ./Core/Src/system_stm32f4xx.o
                0x0000000008000204                SystemInit
 .text.Reset_Handler
                0x0000000008000220       0x50 ./Core/Startup/startup_stm32f446retx.o
                0x0000000008000220                Reset_Handler
 .text.Default_Handler
                0x0000000008000270        0x2 ./Core/Startup/startup_stm32f446retx.o
                0x0000000008000270                RTC_Alarm_IRQHandler
                0x0000000008000270                EXTI2_IRQHandler
                0x0000000008000270                TIM8_CC_IRQHandler
                0x0000000008000270                DebugMon_Handler
                0x0000000008000270                FMPI2C1_EV_IRQHandler
                0x0000000008000270                SPI4_IRQHandler
                0x0000000008000270                TIM1_CC_IRQHandler
                0x0000000008000270                DMA2_Stream5_IRQHandler
                0x0000000008000270                HardFault_Handler
                0x0000000008000270                SysTick_Handler
                0x0000000008000270                PVD_IRQHandler
                0x0000000008000270                SDIO_IRQHandler
                0x0000000008000270                TAMP_STAMP_IRQHandler
                0x0000000008000270                PendSV_Handler
                0x0000000008000270                NMI_Handler
                0x0000000008000270                CAN2_RX1_IRQHandler
                0x0000000008000270                EXTI3_IRQHandler
                0x0000000008000270                TIM8_TRG_COM_TIM14_IRQHandler
                0x0000000008000270                TIM1_UP_TIM10_IRQHandler
                0x0000000008000270                TIM8_UP_TIM13_IRQHandler
                0x0000000008000270                I2C3_ER_IRQHandler
                0x0000000008000270                EXTI0_IRQHandler
                0x0000000008000270                I2C2_EV_IRQHandler
                0x0000000008000270                DMA1_Stream2_IRQHandler
                0x0000000008000270                CAN1_RX0_IRQHandler
                0x0000000008000270                FPU_IRQHandler
                0x0000000008000270                OTG_HS_WKUP_IRQHandler
                0x0000000008000270                UsageFault_Handler
                0x0000000008000270                CAN2_SCE_IRQHandler
                0x0000000008000270                DMA2_Stream2_IRQHandler
                0x0000000008000270                SPI1_IRQHandler
                0x0000000008000270                TIM6_DAC_IRQHandler
                0x0000000008000270                TIM1_BRK_TIM9_IRQHandler
                0x0000000008000270                DCMI_IRQHandler
                0x0000000008000270                CAN2_RX0_IRQHandler
                0x0000000008000270                DMA2_Stream3_IRQHandler
                0x0000000008000270                SAI2_IRQHandler
                0x0000000008000270                CAN1_RX1_IRQHandler
                0x0000000008000270                DMA2_Stream0_IRQHandler
                0x0000000008000270                TIM4_IRQHandler
                0x0000000008000270                QUADSPI_IRQHandler
                0x0000000008000270                DMA1_Stream6_IRQHandler
                0x0000000008000270                DMA1_Stream1_IRQHandler
                0x0000000008000270                TIM3_IRQHandler
                0x0000000008000270                RCC_IRQHandler
                0x0000000008000270                TIM8_BRK_TIM12_IRQHandler
                0x0000000008000270                Default_Handler
                0x0000000008000270                CEC_IRQHandler
                0x0000000008000270                ADC_IRQHandler
                0x0000000008000270                TIM7_IRQHandler
                0x0000000008000270                CAN2_TX_IRQHandler
                0x0000000008000270                TIM5_IRQHandler
                0x0000000008000270                DMA2_Stream7_IRQHandler
                0x0000000008000270                I2C3_EV_IRQHandler
                0x0000000008000270                RTC_WKUP_IRQHandler
                0x0000000008000270                SPDIF_RX_IRQHandler
                0x0000000008000270                OTG_HS_EP1_IN_IRQHandler
                0x0000000008000270                MemManage_Handler
                0x0000000008000270                DMA1_Stream0_IRQHandler
                0x0000000008000270                CAN1_TX_IRQHandler
                0x0000000008000270                SVC_Handler
                0x0000000008000270                FMPI2C1_ER_IRQHandler
                0x0000000008000270                EXTI4_IRQHandler
                0x0000000008000270                OTG_HS_EP1_OUT_IRQHandler
                0x0000000008000270                WWDG_IRQHandler
                0x0000000008000270                OTG_FS_WKUP_IRQHandler
                0x0000000008000270                TIM1_TRG_COM_TIM11_IRQHandler
                0x0000000008000270                OTG_HS_IRQHandler
                0x0000000008000270                EXTI1_IRQHandler
                0x0000000008000270                I2C2_ER_IRQHandler
                0x0000000008000270                DMA2_Stream1_IRQHandler
                0x0000000008000270                CAN1_SCE_IRQHandler
                0x0000000008000270                FLASH_IRQHandler
                0x0000000008000270                DMA2_Stream4_IRQHandler
                0x0000000008000270                BusFault_Handler
                0x0000000008000270                OTG_FS_IRQHandler
                0x0000000008000270                DMA1_Stream4_IRQHandler
                0x0000000008000270                I2C1_ER_IRQHandler
                0x0000000008000270                FMC_IRQHandler
                0x0000000008000270                DMA2_Stream6_IRQHandler
                0x0000000008000270                SAI1_IRQHandler
                0x0000000008000270                DMA1_Stream3_IRQHandler
 *fill*         0x0000000008000272        0x2 
 .text.TIM2_IRQHandler
                0x0000000008000274        0xc ./Core/driver/src/dac_driver.o
                0x0000000008000274                TIM2_IRQHandler
 .text.DMA1_Stream5_IRQHandler
                0x0000000008000280        0xc ./Core/driver/src/dma_driver.o
                0x0000000008000280                DMA1_Stream5_IRQHandler
 .text.DMA1_Stream7_IRQHandler
                0x000000000800028c        0xc ./Core/driver/src/dma_driver.o
                0x000000000800028c                DMA1_Stream7_IRQHandler
 .text.EXTI9_5_IRQHandler
                0x0000000008000298       0x5c ./Core/driver/src/gpio_driver.o
                0x0000000008000298                EXTI9_5_IRQHandler
 .text.EXTI15_10_IRQHandler
                0x00000000080002f4       0x4c ./Core/driver/src/gpio_driver.o
                0x00000000080002f4                EXTI15_10_IRQHandler
 .text.HAL_GPIO_EXTI_Callback
                0x0000000008000340       0x5c ./Core/driver/src/gpio_driver.o
                0x0000000008000340                HAL_GPIO_EXTI_Callback
 .text.HAL_I2C_MasterTxCpltCallback
                0x000000000800039c       0x18 ./Core/driver/src/i2c_driver.o
                0x000000000800039c                HAL_I2C_MasterTxCpltCallback
 .text.HAL_I2C_MemTxCpltCallback
                0x00000000080003b4       0x18 ./Core/driver/src/i2c_driver.o
                0x00000000080003b4                HAL_I2C_MemTxCpltCallback
 .text.HAL_I2C_MasterRxCpltCallback
                0x00000000080003cc       0x18 ./Core/driver/src/i2c_driver.o
                0x00000000080003cc                HAL_I2C_MasterRxCpltCallback
 .text.HAL_I2C_MemRxCpltCallback
                0x00000000080003e4       0x18 ./Core/driver/src/i2c_driver.o
                0x00000000080003e4                HAL_I2C_MemRxCpltCallback
 .text.I2C1_EV_IRQHandler
                0x00000000080003fc       0x44 ./Core/driver/src/i2c_driver.o
                0x00000000080003fc                I2C1_EV_IRQHandler
 .text.SPI2_IRQHandler
                0x0000000008000440       0x44 ./Core/driver/src/spi_driver.o
                0x0000000008000440                SPI2_IRQHandler
 .text.SPI3_IRQHandler
                0x0000000008000484        0xc ./Core/driver/src/spi_driver.o
                0x0000000008000484                SPI3_IRQHandler
 .text.USART1_IRQHandler
                0x0000000008000490       0x44 ./Core/driver/src/uart_driver.o
                0x0000000008000490                USART1_IRQHandler
 .text.USART2_IRQHandler
                0x00000000080004d4       0x44 ./Core/driver/src/uart_driver.o
                0x00000000080004d4                USART2_IRQHandler
 .text.USART3_IRQHandler
                0x0000000008000518       0x44 ./Core/driver/src/uart_driver.o
                0x0000000008000518                USART3_IRQHandler
 .text.UART4_IRQHandler
                0x000000000800055c       0x44 ./Core/driver/src/uart_driver.o
                0x000000000800055c                UART4_IRQHandler
 .text.UART5_IRQHandler
                0x00000000080005a0       0x44 ./Core/driver/src/uart_driver.o
                0x00000000080005a0                UART5_IRQHandler
 .text.USART6_IRQHandler
                0x00000000080005e4       0x44 ./Core/driver/src/uart_driver.o
                0x00000000080005e4                USART6_IRQHandler
 .text.HAL_UART_TxCpltCallback
                0x0000000008000628       0x60 ./Core/driver/src/uart_driver.o
                0x0000000008000628                HAL_UART_TxCpltCallback
 .text.HAL_UART_RxCpltCallback
                0x0000000008000688       0x60 ./Core/driver/src/uart_driver.o
                0x0000000008000688                HAL_UART_RxCpltCallback
 .text.HAL_DMA_Abort_IT
                0x00000000080006e8       0x24 ./Drivers/STM32F4xx_HAL_Driver/Src/stm32f4xx_hal_dma.o
                0x00000000080006e8                HAL_DMA_Abort_IT
 .text.HAL_DMA_IRQHandler
                0x000000000800070c      0x17c ./Drivers/STM32F4xx_HAL_Driver/Src/stm32f4xx_hal_dma.o
                0x000000000800070c                HAL_DMA_IRQHandler
 .text.HAL_DMA_GetState
                0x0000000008000888        0x6 ./Drivers/STM32F4xx_HAL_Driver/Src/stm32f4xx_hal_dma.o
                0x0000000008000888                HAL_DMA_GetState
 *fill*         0x000000000800088e        0x2 
 .text.HAL_GPIO_EXTI_IRQHandler
                0x0000000008000890       0x18 ./Drivers/STM32F4xx_HAL_Driver/Src/stm32f4xx_hal_gpio.o
                0x0000000008000890                HAL_GPIO_EXTI_IRQHandler
 .text.HAL_I2C_SlaveTxCpltCallback
                0x00000000080008a8        0x2 ./Drivers/STM32F4xx_HAL_Driver/Src/stm32f4xx_hal_i2c.o
                0x00000000080008a8                HAL_I2C_SlaveTxCpltCallback
 .text.HAL_I2C_SlaveRxCpltCallback
                0x00000000080008aa        0x2 ./Drivers/STM32F4xx_HAL_Driver/Src/stm32f4xx_hal_i2c.o
                0x00000000080008aa                HAL_I2C_SlaveRxCpltCallback
 .text.HAL_I2C_AddrCallback
                0x00000000080008ac        0x2 ./Drivers/STM32F4xx_HAL_Driver/Src/stm32f4xx_hal_i2c.o
                0x00000000080008ac                HAL_I2C_AddrCallback
 .text.HAL_I2C_ListenCpltCallback
                0x00000000080008ae        0x2 ./Drivers/STM32F4xx_HAL_Driver/Src/stm32f4xx_hal_i2c.o
                0x00000000080008ae                HAL_I2C_ListenCpltCallback
 .text.I2C_MemoryTransmit_TXE_BTF
                0x00000000080008b0       0xa2 ./Drivers/STM32F4xx_HAL_Driver/Src/stm32f4xx_hal_i2c.o
 .text.HAL_I2C_ErrorCallback
                0x0000000008000952        0x2 ./Drivers/STM32F4xx_HAL_Driver/Src/stm32f4xx_hal_i2c.o
                0x0000000008000952                HAL_I2C_ErrorCallback
 .text.HAL_I2C_AbortCpltCallback
                0x0000000008000954        0x2 ./Drivers/STM32F4xx_HAL_Driver/Src/stm32f4xx_hal_i2c.o
                0x0000000008000954                HAL_I2C_AbortCpltCallback
 *fill*         0x0000000008000956        0x2 
 .text.I2C_DMAAbort
                0x0000000008000958       0xc0 ./Drivers/STM32F4xx_HAL_Driver/Src/stm32f4xx_hal_i2c.o
 .text.I2C_ITError
                0x0000000008000a18      0x150 ./Drivers/STM32F4xx_HAL_Driver/Src/stm32f4xx_hal_i2c.o
 .text.HAL_I2C_EV_IRQHandler
                0x0000000008000b68      0x88c ./Drivers/STM32F4xx_HAL_Driver/Src/stm32f4xx_hal_i2c.o
                0x0000000008000b68                HAL_I2C_EV_IRQHandler
 .text.HAL_SPI_ErrorCallback
                0x00000000080013f4        0x2 ./Drivers/STM32F4xx_HAL_Driver/Src/stm32f4xx_hal_spi.o
                0x00000000080013f4                HAL_SPI_ErrorCallback
 *fill*         0x00000000080013f6        0x2 
 .text.HAL_SPI_IRQHandler
                0x00000000080013f8      0x10c ./Drivers/STM32F4xx_HAL_Driver/Src/stm32f4xx_hal_spi.o
                0x00000000080013f8                HAL_SPI_IRQHandler
 .text.SPI_DMAAbortOnError
                0x0000000008001504       0x10 ./Drivers/STM32F4xx_HAL_Driver/Src/stm32f4xx_hal_spi.o
 .text.HAL_TIM_PeriodElapsedCallback
                0x0000000008001514        0x2 ./Drivers/STM32F4xx_HAL_Driver/Src/stm32f4xx_hal_tim.o
                0x0000000008001514                HAL_TIM_PeriodElapsedCallback
 .text.HAL_TIM_OC_DelayElapsedCallback
                0x0000000008001516        0x2 ./Drivers/STM32F4xx_HAL_Driver/Src/stm32f4xx_hal_tim.o
                0x0000000008001516                HAL_TIM_OC_DelayElapsedCallback
 .text.HAL_TIM_IC_CaptureCallback
                0x0000000008001518        0x2 ./Drivers/STM32F4xx_HAL_Driver/Src/stm32f4xx_hal_tim.o
                0x0000000008001518                HAL_TIM_IC_CaptureCallback
 .text.HAL_TIM_PWM_PulseFinishedCallback
                0x000000000800151a        0x2 ./Drivers/STM32F4xx_HAL_Driver/Src/stm32f4xx_hal_tim.o
                0x000000000800151a                HAL_TIM_PWM_PulseFinishedCallback
 .text.HAL_TIM_TriggerCallback
                0x000000000800151c        0x2 ./Drivers/STM32F4xx_HAL_Driver/Src/stm32f4xx_hal_tim.o
                0x000000000800151c                HAL_TIM_TriggerCallback
 .text.HAL_TIM_IRQHandler
                0x000000000800151e      0x144 ./Drivers/STM32F4xx_HAL_Driver/Src/stm32f4xx_hal_tim.o
                0x000000000800151e                HAL_TIM_IRQHandler
 .text.HAL_TIMEx_CommutCallback
                0x0000000008001662        0x2 ./Drivers/STM32F4xx_HAL_Driver/Src/stm32f4xx_hal_tim_ex.o
                0x0000000008001662                HAL_TIMEx_CommutCallback
 .text.HAL_TIMEx_BreakCallback
                0x0000000008001664        0x2 ./Drivers/STM32F4xx_HAL_Driver/Src/stm32f4xx_hal_tim_ex.o
                0x0000000008001664                HAL_TIMEx_BreakCallback
 .text.UART_EndRxTransfer
                0x0000000008001666       0x1a ./Drivers/STM32F4xx_HAL_Driver/Src/stm32f4xx_hal_uart.o
 .text.UART_Receive_IT.isra.0
                0x0000000008001680       0x70 ./Drivers/STM32F4xx_HAL_Driver/Src/stm32f4xx_hal_uart.o
 .text.HAL_UART_ErrorCallback
                0x00000000080016f0        0x2 ./Drivers/STM32F4xx_HAL_Driver/Src/stm32f4xx_hal_uart.o
                0x00000000080016f0                HAL_UART_ErrorCallback
 *fill*         0x00000000080016f2        0x2 
 .text.HAL_UART_IRQHandler
                0x00000000080016f4      0x148 ./Drivers/STM32F4xx_HAL_Driver/Src/stm32f4xx_hal_uart.o
                0x00000000080016f4                HAL_UART_IRQHandler
 .text.UART_DMAAbortOnError
                0x000000000800183c       0x10 ./Drivers/STM32F4xx_HAL_Driver/Src/stm32f4xx_hal_uart.o
 .text.__libc_init_array
                0x000000000800184c       0x48 c:/st/stm32cubeide_1.5.1/stm32cubeide/plugins/com.st.stm32cube.ide.mcu.externaltools.gnu-tools-for-stm32.10.3-2021.10.win32_1.0.200.202301161003/tools/bin/../lib/gcc/arm-none-eabi/10.3.1/../../../../arm-none-eabi/lib/thumb/v7e-m+fp/hard\libc_nano.a(lib_a-init.o)
                0x000000000800184c                __libc_init_array
 *(.glue_7)
 .glue_7        0x0000000008001894        0x0 linker stubs
 *(.glue_7t)
 .glue_7t       0x0000000008001894        0x0 linker stubs
 *(.eh_frame)
 .eh_frame      0x0000000008001894        0x0 c:/st/stm32cubeide_1.5.1/stm32cubeide/plugins/com.st.stm32cube.ide.mcu.externaltools.gnu-tools-for-stm32.10.3-2021.10.win32_1.0.200.202301161003/tools/bin/../lib/gcc/arm-none-eabi/10.3.1/thumb/v7e-m+fp/hard/crtbegin.o
 *(.init)
 .init          0x0000000008001894        0x4 c:/st/stm32cubeide_1.5.1/stm32cubeide/plugins/com.st.stm32cube.ide.mcu.externaltools.gnu-tools-for-stm32.10.3-2021.10.win32_1.0.200.202301161003/tools/bin/../lib/gcc/arm-none-eabi/10.3.1/thumb/v7e-m+fp/hard/crti.o
                0x0000000008001894                _init
 .init          0x0000000008001898        0x8 c:/st/stm32cubeide_1.5.1/stm32cubeide/plugins/com.st.stm32cube.ide.mcu.externaltools.gnu-tools-for-stm32.10.3-2021.10.win32_1.0.200.202301161003/tools/bin/../lib/gcc/arm-none-eabi/10.3.1/thumb/v7e-m+fp/hard/crtn.o
 *(.fini)
 .fini          0x00000000080018a0        0x4 c:/st/stm32cubeide_1.5.1/stm32cubeide/plugins/com.st.stm32cube.ide.mcu.externaltools.gnu-tools-for-stm32.10.3-2021.10.win32_1.0.200.202301161003/tools/bin/../lib/gcc/arm-none-eabi/10.3.1/thumb/v7e-m+fp/hard/crti.o
                0x00000000080018a0                _fini
 .fini          0x00000000080018a4        0x8 c:/st/stm32cubeide_1.5.1/stm32cubeide/plugins/com.st.stm32cube.ide.mcu.externaltools.gnu-tools-for-stm32.10.3-2021.10.win32_1.0.200.202301161003/tools/bin/../lib/gcc/arm-none-eabi/10.3.1/thumb/v7e-m+fp/hard/crtn.o
                0x00000000080018ac                . = ALIGN (0x4)
                0x00000000080018ac                _etext = .

.vfp11_veneer   0x00000000080018ac        0x0
 .vfp11_veneer  0x00000000080018ac        0x0 linker stubs

.v4_bx          0x00000000080018ac        0x0
 .v4_bx         0x00000000080018ac        0x0 linker stubs

.iplt           0x00000000080018ac        0x0
 .iplt          0x00000000080018ac        0x0 c:/st/stm32cubeide_1.5.1/stm32cubeide/plugins/com.st.stm32cube.ide.mcu.externaltools.gnu-tools-for-stm32.10.3-2021.10.win32_1.0.200.202301161003/tools/bin/../lib/gcc/arm-none-eabi/10.3.1/thumb/v7e-m+fp/hard/crtbegin.o

.rel.dyn        0x00000000080018ac        0x0
 .rel.iplt      0x00000000080018ac        0x0 c:/st/stm32cubeide_1.5.1/stm32cubeide/plugins/com.st.stm32cube.ide.mcu.externaltools.gnu-tools-for-stm32.10.3-2021.10.win32_1.0.200.202301161003/tools/bin/../lib/gcc/arm-none-eabi/10.3.1/thumb/v7e-m+fp/hard/crtbegin.o

.rodata         0x00000000080018ac        0x0
                0x00000000080018ac                . = ALIGN (0x4)
 *(.rodata)
 *(.rodata*)
                0x00000000080018ac                . = ALIGN (0x4)

.ARM.extab      0x00000000080018ac        0x0
                0x00000000080018ac                . = ALIGN (0x4)
 *(.ARM.extab* .gnu.linkonce.armextab.*)
                0x00000000080018ac                . = ALIGN (0x4)

.ARM            0x00000000080018ac        0x0
                0x00000000080018ac                . = ALIGN (0x4)
                0x00000000080018ac                __exidx_start = .
 *(.ARM.exidx*)
                0x00000000080018ac                __exidx_end = .
                0x00000000080018ac                . = ALIGN (0x4)

.preinit_array  0x00000000080018ac        0x0
                0x00000000080018ac                . = ALIGN (0x4)
                0x00000000080018ac                PROVIDE (__preinit_array_start = .)
 *(.preinit_array*)
                0x00000000080018ac                PROVIDE (__preinit_array_end = .)
                0x00000000080018ac                . = ALIGN (0x4)

.init_array     0x00000000080018ac        0x4
                0x00000000080018ac                . = ALIGN (0x4)
                0x00000000080018ac                PROVIDE (__init_array_start = .)
 *(SORT_BY_NAME(.init_array.*))
 *(.init_array*)
 .init_array    0x00000000080018ac        0x4 c:/st/stm32cubeide_1.5.1/stm32cubeide/plugins/com.st.stm32cube.ide.mcu.externaltools.gnu-tools-for-stm32.10.3-2021.10.win32_1.0.200.202301161003/tools/bin/../lib/gcc/arm-none-eabi/10.3.1/thumb/v7e-m+fp/hard/crtbegin.o
                0x00000000080018b0                PROVIDE (__init_array_end = .)
                0x00000000080018b0                . = ALIGN (0x4)

.fini_array     0x00000000080018b0        0x4
                0x00000000080018b0                . = ALIGN (0x4)
                [!provide]                        PROVIDE (__fini_array_start = .)
 *(SORT_BY_NAME(.fini_array.*))
 *(.fini_array*)
 .fini_array    0x00000000080018b0        0x4 c:/st/stm32cubeide_1.5.1/stm32cubeide/plugins/com.st.stm32cube.ide.mcu.externaltools.gnu-tools-for-stm32.10.3-2021.10.win32_1.0.200.202301161003/tools/bin/../lib/gcc/arm-none-eabi/10.3.1/thumb/v7e-m+fp/hard/crtbegin.o
                [!provide]                        PROVIDE (__fini_array_end = .)
                0x00000000080018b4                . = ALIGN (0x4)
                0x00000000080018b4                _sidata = LOADADDR (.data)

.data           0x0000000020000000        0x4 load address 0x00000000080018b4
                0x0000000020000000                . = ALIGN (0x4)
                0x0000000020000000                _sdata = .
 *(.data)
 *(.data*)
 .data.SystemCoreClock
                0x0000000020000000        0x4 ./Core/Src/system_stm32f4xx.o
                0x0000000020000000                SystemCoreClock
 *(.RamFunc)
 *(.RamFunc*)
                0x0000000020000004                . = ALIGN (0x4)
                0x0000000020000004                _edata = .

.igot.plt       0x0000000020000004        0x0 load address 0x00000000080018b8
 .igot.plt      0x0000000020000004        0x0 c:/st/stm32cubeide_1.5.1/stm32cubeide/plugins/com.st.stm32cube.ide.mcu.externaltools.gnu-tools-for-stm32.10.3-2021.10.win32_1.0.200.202301161003/tools/bin/../lib/gcc/arm-none-eabi/10.3.1/thumb/v7e-m+fp/hard/crtbegin.o
                0x0000000020000004                . = ALIGN (0x4)

.bss            0x0000000020000004      0x4e8 load address 0x00000000080018b8
                0x0000000020000004                _sbss = .
                0x0000000020000004                __bss_start__ = _sbss
 *(.bss)
 .bss           0x0000000020000004       0x1c c:/st/stm32cubeide_1.5.1/stm32cubeide/plugins/com.st.stm32cube.ide.mcu.externaltools.gnu-tools-for-stm32.10.3-2021.10.win32_1.0.200.202301161003/tools/bin/../lib/gcc/arm-none-eabi/10.3.1/thumb/v7e-m+fp/hard/crtbegin.o
 *(.bss*)
 .bss.htim2     0x0000000020000020       0x40 ./Core/driver/src/dac_driver.o
                0x0000000020000020                htim2
 .bss.hdma_dac1
                0x0000000020000060       0x60 ./Core/driver/src/dma_driver.o
                0x0000000020000060                hdma_dac1
 .bss.hdma_spi3_tx
                0x00000000200000c0       0x60 ./Core/driver/src/dma_driver.o
                0x00000000200000c0                hdma_spi3_tx
 .bss.gpioCallbacks
                0x0000000020000120       0x80 ./Core/driver/src/gpio_driver.o
 .bss.hi2c1     0x00000000200001a0       0x54 ./Core/driver/src/i2c_driver.o
 .bss.rxMemReadyTrigger
                0x00000000200001f4        0x8 ./Core/driver/src/i2c_driver.o
 .bss.rxReadyTrigger
                0x00000000200001fc        0x8 ./Core/driver/src/i2c_driver.o
 .bss.txMemReadyTrigger
                0x0000000020000204        0x8 ./Core/driver/src/i2c_driver.o
 .bss.txReadyTrigger
                0x000000002000020c        0x8 ./Core/driver/src/i2c_driver.o
 .bss.hspi2     0x0000000020000214       0x58 ./Core/driver/src/spi_driver.o
 .bss.hspi3     0x000000002000026c       0x58 ./Core/driver/src/spi_driver.o
                0x000000002000026c                hspi3
 .bss.uartDescriptors
                0x00000000200002c4      0x228 ./Core/driver/src/uart_driver.o
 *(COMMON)
                0x00000000200004ec                . = ALIGN (0x4)
                0x00000000200004ec                _ebss = .
                0x00000000200004ec                __bss_end__ = _ebss

._user_heap_stack
                0x00000000200004ec      0x604 load address 0x00000000080018b8
                0x00000000200004f0                . = ALIGN (0x8)
 *fill*         0x00000000200004ec        0x4 
                [!provide]                        PROVIDE (end = .)
                0x00000000200004f0                PROVIDE (_end = .)
                0x00000000200006f0                . = (. + _Min_Heap_Size)
 *fill*         0x00000000200004f0      0x200 
                0x0000000020000af0                . = (. + _Min_Stack_Size)
 *fill*         0x00000000200006f0      0x400 
                0x0000000020000af0                . = ALIGN (0x8)

/DISCARD/
 libc.a(*)
 libm.a(*)
 libgcc.a(*)

.ARM.attributes
                0x0000000000000000       0x30
 *(.ARM.attributes)
 .ARM.attributes
                0x0000000000000000       0x1e c:/st/stm32cubeide_1.5.1/stm32cubeide/plugins/com.st.stm32cube.ide.mcu.externaltools.gnu-tools-for-stm32.10.3-2021.10.win32_1.0.200.202301161003/tools/bin/../lib/gcc/arm-none-eabi/10.3.1/thumb/v7e-m+fp/hard/crti.o
 .ARM.attributes
                0x000000000000001e       0x34 c:/st/stm32cubeide_1.5.1/stm32cubeide/plugins/com.st.stm32cube.ide.mcu.externaltools.gnu-tools-for-stm32.10.3-2021.10.win32_1.0.200.202301161003/tools/bin/../lib/gcc/arm-none-eabi/10.3.1/thumb/v7e-m+fp/hard/crtbegin.o
 .ARM.attributes
                0x0000000000000052       0x34 ./Core/Src/system_stm32f4xx.o
 .ARM.attributes
                0x0000000000000086       0x21 ./Core/Startup/startup_stm32f446retx.o
 .ARM.attributes
                0x00000000000000a7       0x34 ./Core/driver/src/dac_driver.o
 .ARM.attributes
                0x00000000000000db       0x34 ./Core/driver/src/dma_driver.o
 .ARM.attributes
                0x000000000000010f       0x34 ./Core/driver/src/gpio_driver.o
 .ARM.attributes
                0x0000000000000143       0x34 ./Core/driver/src/i2c_driver.o
 .ARM.attributes
                0x0000000000000177       0x34 ./Core/driver/src/spi_driver.o
 .ARM.attributes
                0x00000000000001ab       0x34 ./Core/driver/src/uart_driver.o
 .ARM.attributes
                0x00000000000001df       0x34 ./Drivers/STM32F4xx_HAL_Driver/Src/stm32f4xx_hal_dma.o
 .ARM.attributes
                0x0000000000000213       0x34 ./Drivers/STM32F4xx_HAL_Driver/Src/stm32f4xx_hal_gpio.o
 .ARM.attributes
                0x0000000000000247       0x34 ./Drivers/STM32F4xx_HAL_Driver/Src/stm32f4xx_hal_i2c.o
 .ARM.attributes
                0x000000000000027b       0x34 ./Drivers/STM32F4xx_HAL_Driver/Src/stm32f4xx_hal_spi.o
 .ARM.attributes
                0x00000000000002af       0x34 ./Drivers/STM32F4xx_HAL_Driver/Src/stm32f4xx_hal_tim.o
 .ARM.attributes
                0x00000000000002e3       0x34 ./Drivers/STM32F4xx_HAL_Driver/Src/stm32f4xx_hal_tim_ex.o
 .ARM.attributes
                0x0000000000000317       0x34 ./Drivers/STM32F4xx_HAL_Driver/Src/stm32f4xx_hal_uart.o
 .ARM.attributes
                0x000000000000034b       0x34 c:/st/stm32cubeide_1.5.1/stm32cubeide/plugins/com.st.stm32cube.ide.mcu.externaltools.gnu-tools-for-stm32.10.3-2021.10.win32_1.0.200.202301161003/tools/bin/../lib/gcc/arm-none-eabi/10.3.1/../../../../arm-none-eabi/lib/thumb/v7e-m+fp/hard\libc_nano.a(lib_a-init.o)
 .ARM.attributes
                0x000000000000037f       0x1e c:/st/stm32cubeide_1.5.1/stm32cubeide/plugins/com.st.stm32cube.ide.mcu.externaltools.gnu-tools-for-stm32.10.3-2021.10.win32_1.0.200.202301161003/tools/bin/../lib/gcc/arm-none-eabi/10.3.1/thumb/v7e-m+fp/hard/crtn.o
OUTPUT(GOS2022_test2.elf elf32-littlearm)
LOAD linker stubs
LOAD c:/st/stm32cubeide_1.5.1/stm32cubeide/plugins/com.st.stm32cube.ide.mcu.externaltools.gnu-tools-for-stm32.10.3-2021.10.win32_1.0.200.202301161003/tools/bin/../lib/gcc/arm-none-eabi/10.3.1/../../../../arm-none-eabi/lib/thumb/v7e-m+fp/hard\libc.a
LOAD c:/st/stm32cubeide_1.5.1/stm32cubeide/plugins/com.st.stm32cube.ide.mcu.externaltools.gnu-tools-for-stm32.10.3-2021.10.win32_1.0.200.202301161003/tools/bin/../lib/gcc/arm-none-eabi/10.3.1/../../../../arm-none-eabi/lib/thumb/v7e-m+fp/hard\libm.a
LOAD c:/st/stm32cubeide_1.5.1/stm32cubeide/plugins/com.st.stm32cube.ide.mcu.externaltools.gnu-tools-for-stm32.10.3-2021.10.win32_1.0.200.202301161003/tools/bin/../lib/gcc/arm-none-eabi/10.3.1/thumb/v7e-m+fp/hard\libgcc.a

.comment        0x0000000000000000       0x50
 .comment       0x0000000000000000       0x50 ./Core/Src/system_stm32f4xx.o
                                         0x51 (size before relaxing)
 .comment       0x0000000000000050       0x51 ./Core/driver/src/dac_driver.o
 .comment       0x0000000000000050       0x51 ./Core/driver/src/dma_driver.o
 .comment       0x0000000000000050       0x51 ./Core/driver/src/gpio_driver.o
 .comment       0x0000000000000050       0x51 ./Core/driver/src/i2c_driver.o
 .comment       0x0000000000000050       0x51 ./Core/driver/src/spi_driver.o
 .comment       0x0000000000000050       0x51 ./Core/driver/src/uart_driver.o
 .comment       0x0000000000000050       0x51 ./Drivers/STM32F4xx_HAL_Driver/Src/stm32f4xx_hal_dma.o
 .comment       0x0000000000000050       0x51 ./Drivers/STM32F4xx_HAL_Driver/Src/stm32f4xx_hal_gpio.o
 .comment       0x0000000000000050       0x51 ./Drivers/STM32F4xx_HAL_Driver/Src/stm32f4xx_hal_i2c.o
 .comment       0x0000000000000050       0x51 ./Drivers/STM32F4xx_HAL_Driver/Src/stm32f4xx_hal_spi.o
 .comment       0x0000000000000050       0x51 ./Drivers/STM32F4xx_HAL_Driver/Src/stm32f4xx_hal_tim.o
 .comment       0x0000000000000050       0x51 ./Drivers/STM32F4xx_HAL_Driver/Src/stm32f4xx_hal_tim_ex.o
 .comment       0x0000000000000050       0x51 ./Drivers/STM32F4xx_HAL_Driver/Src/stm32f4xx_hal_uart.o

.debug_frame    0x0000000000000000       0x2c
 .debug_frame   0x0000000000000000       0x2c c:/st/stm32cubeide_1.5.1/stm32cubeide/plugins/com.st.stm32cube.ide.mcu.externaltools.gnu-tools-for-stm32.10.3-2021.10.win32_1.0.200.202301161003/tools/bin/../lib/gcc/arm-none-eabi/10.3.1/../../../../arm-none-eabi/lib/thumb/v7e-m+fp/hard\libc_nano.a(lib_a-init.o)
