../drv/src/drv_uart.c:129:14:drv_uartInit	16	static
../drv/src/drv_uart.c:160:14:drv_uartInitInstance	24	static
../drv/src/drv_uart.c:221:14:drv_uartDeInitInstance	24	static
../drv/src/drv_uart.c:266:14:drv_uartGetErrorFlags	24	static
../drv/src/drv_uart.c:292:14:drv_uartClearErrorFlags	24	static
../drv/src/drv_uart.c:310:25:drv_uartTransmitBlocking	32	static
../drv/src/drv_uart.c:343:25:drv_uartReceiveBlocking	32	static
../drv/src/drv_uart.c:376:25:drv_uartTransmitDMA	32	static
../drv/src/drv_uart.c:423:25:drv_uartReceiveDMA	32	static
../drv/src/drv_uart.c:466:25:drv_uartTransmitIT	32	static
../drv/src/drv_uart.c:514:25:drv_uartReceiveIT	32	static
../drv/src/drv_uart.c:558:8:USART1_IRQHandler	8	static
../drv/src/drv_uart.c:570:8:USART2_IRQHandler	8	static
../drv/src/drv_uart.c:582:8:USART3_IRQHandler	8	static
../drv/src/drv_uart.c:594:8:UART4_IRQHandler	8	static
../drv/src/drv_uart.c:606:8:UART5_IRQHandler	8	static
../drv/src/drv_uart.c:618:8:USART6_IRQHandler	8	static
../drv/src/drv_uart.c:630:8:HAL_UART_TxCpltCallback	24	static
../drv/src/drv_uart.c:657:8:HAL_UART_RxCpltCallback	24	static
../drv/src/drv_uart.c:684:8:HAL_UART_MspInit	24	static
