../drv/src/drv_spi.c:113:14:drv_spiInit	16	static
../drv/src/drv_spi.c:143:14:drv_spiInitInstance	24	static
../drv/src/drv_spi.c:199:14:drv_spiTransmitBlocking	32	static
../drv/src/drv_spi.c:237:14:drv_spiReceiveBlocking	32	static
../drv/src/drv_spi.c:274:14:drv_spiTransmitIT	32	static
../drv/src/drv_spi.c:328:14:drv_spiReceiveIT	32	static
../drv/src/drv_spi.c:382:14:drv_spiTransmitDMA	32	static
../drv/src/drv_spi.c:435:14:drv_spiReceiveDMA	32	static
../drv/src/drv_spi.c:487:14:drv_spiTransmitReceiveBlocking	40	static
../drv/src/drv_spi.c:524:14:drv_spiTransmitReceiveIT	32	static
../drv/src/drv_spi.c:576:14:drv_spiTransmitReceiveDMA	32	static
../drv/src/drv_spi.c:628:8:HAL_SPI_TxCpltCallback	16	static
../drv/src/drv_spi.c:654:8:HAL_SPI_RxCpltCallback	16	static
../drv/src/drv_spi.c:680:8:HAL_SPI_TxRxCpltCallback	16	static
../drv/src/drv_spi.c:706:8:SPI1_IRQHandler	8	static
../drv/src/drv_spi.c:721:8:SPI2_IRQHandler	8	static
../drv/src/drv_spi.c:733:8:SPI3_IRQHandler	8	static
../drv/src/drv_spi.c:748:8:SPI4_IRQHandler	8	static
../drv/src/drv_spi.c:763:8:HAL_SPI_MspInit	24	static
