../drv/src/drv_gpio.c:80:14:drv_gpioInit	16	static
../drv/src/drv_gpio.c:109:14:drv_gpioInitPin	48	static
../drv/src/drv_gpio.c:153:14:drv_gpioDeInitPin	24	static
../drv/src/drv_gpio.c:180:14:drv_gpioWritePin	24	static
../drv/src/drv_gpio.c:207:14:drv_gpioTgglePin	24	static
../drv/src/drv_gpio.c:233:14:drv_gpioReadPin	24	static
../drv/src/drv_gpio.c:259:8:EXTI9_5_IRQHandler	8	static
../drv/src/drv_gpio.c:276:8:EXTI15_10_IRQHandler	8	static
../drv/src/drv_gpio.c:294:8:HAL_GPIO_EXTI_Falling_Callback	16	static
../drv/src/drv_gpio.c:305:8:HAL_GPIO_EXTI_Rising_Callback	16	static
../drv/src/drv_gpio.c:316:8:HAL_GPIO_EXTI_Callback	24	static
