../drv/src/drv_dma.c:105:14:drv_dmaInit	16	static
../drv/src/drv_dma.c:145:8:drv_dmaIsBusy	16	static
../drv/src/drv_dma.c:156:8:DMA1_Stream0_IRQHandler	8	static
../drv/src/drv_dma.c:178:8:DMA1_Stream1_IRQHandler	8	static
../drv/src/drv_dma.c:200:8:DMA1_Stream2_IRQHandler	8	static
../drv/src/drv_dma.c:222:8:DMA1_Stream3_IRQHandler	8	static
../drv/src/drv_dma.c:244:8:DMA1_Stream4_IRQHandler	8	static
../drv/src/drv_dma.c:266:8:DMA1_Stream5_IRQHandler	16	static
../drv/src/drv_dma.c:296:8:DMA1_Stream6_IRQHandler	8	static
../drv/src/drv_dma.c:318:8:DMA1_Stream7_IRQHandler	8	static
../drv/src/drv_dma.c:340:8:DMA2_Stream0_IRQHandler	8	static
../drv/src/drv_dma.c:362:8:DMA2_Stream1_IRQHandler	8	static
../drv/src/drv_dma.c:384:8:DMA2_Stream2_IRQHandler	8	static
../drv/src/drv_dma.c:406:8:DMA2_Stream3_IRQHandler	8	static
../drv/src/drv_dma.c:428:8:DMA2_Stream4_IRQHandler	8	static
../drv/src/drv_dma.c:450:8:DMA2_Stream5_IRQHandler	8	static
../drv/src/drv_dma.c:472:8:DMA2_Stream6_IRQHandler	8	static
../drv/src/drv_dma.c:494:8:DMA2_Stream7_IRQHandler	8	static
