../drv/src/drv_tmr.c:110:14:drv_tmrInit	16	static
../drv/src/drv_tmr.c:140:14:drv_tmrInitInstance	48	static
../drv/src/drv_tmr.c:224:14:drv_tmrStart	24	static
../drv/src/drv_tmr.c:252:14:drv_tmrStartIT	24	static
../drv/src/drv_tmr.c:280:14:drv_tmrStartDMA	32	static
../drv/src/drv_tmr.c:308:25:drv_tmrGetValue	24	static
../drv/src/drv_tmr.c:334:8:HAL_TIM_PeriodElapsedCallback	24	static
../drv/src/drv_tmr.c:387:8:TIM1_IRQHandler	8	static
../drv/src/drv_tmr.c:402:8:TIM2_IRQHandler	8	static
../drv/src/drv_tmr.c:417:8:TIM3_IRQHandler	8	static
../drv/src/drv_tmr.c:432:8:TIM4_IRQHandler	8	static
../drv/src/drv_tmr.c:447:8:TIM5_IRQHandler	8	static
../drv/src/drv_tmr.c:462:8:TIM6_IRQHandler	8	static
../drv/src/drv_tmr.c:477:8:TIM7_IRQHandler	8	static
../drv/src/drv_tmr.c:492:8:TIM8_IRQHandler	8	static
../drv/src/drv_tmr.c:507:8:TIM9_IRQHandler	8	static
../drv/src/drv_tmr.c:522:8:TIM10_IRQHandler	8	static
../drv/src/drv_tmr.c:537:8:TIM11_IRQHandler	8	static
../drv/src/drv_tmr.c:552:8:TIM12_IRQHandler	8	static
../drv/src/drv_tmr.c:567:8:TIM13_IRQHandler	8	static
../drv/src/drv_tmr.c:582:8:TIM14_IRQHandler	8	static
