../Core/driver/src/file_driver.c:9:14:file_driver_create_file	4152	static
../Core/driver/src/file_driver.c:27:14:file_driver_write_file	4168	static
../Core/driver/src/file_driver.c:46:14:file_driver_read_file	4160	static
../Core/driver/src/file_driver.c:66:14:file_driver_append_to_file	4168	static
../Core/driver/src/file_driver.c:88:14:file_driver_delete_file	8	static
../Core/driver/src/file_driver.c:101:14:file_driver_rename_file	8	static
../Core/driver/src/file_driver.c:113:14:file_driver_move_file	0	static
../Core/driver/src/file_driver.c:125:14:file_driver_format_drive	144	static
../Core/driver/src/file_driver.c:138:14:file_driver_open_directory	8	static
../Core/driver/src/file_driver.c:150:14:file_driver_close_directory	8	static
../Core/driver/src/file_driver.c:162:14:file_driver_create_directory	8	static
../Core/driver/src/file_driver.c:174:14:file_driver_rename_directory	0	static
../Core/driver/src/file_driver.c:186:14:file_driver_move_directory	0	static
