../Core/driver/src/i2c_driver.c:31:14:i2c_driver_init	16	static
../Core/driver/src/i2c_driver.c:75:25:i2c_driver_mem_write	32	static
../Core/driver/src/i2c_driver.c:130:25:i2c_driver_mem_read	32	static
../Core/driver/src/i2c_driver.c:185:25:i2c_driver_transmit	16	static
../Core/driver/src/i2c_driver.c:241:25:i2c_driver_receive	16	static
../Core/driver/src/i2c_driver.c:296:8:HAL_I2C_MasterTxCpltCallback	0	static
../Core/driver/src/i2c_driver.c:313:8:HAL_I2C_MemTxCpltCallback	0	static
../Core/driver/src/i2c_driver.c:330:8:HAL_I2C_MasterRxCpltCallback	0	static
../Core/driver/src/i2c_driver.c:347:8:HAL_I2C_MemRxCpltCallback	0	static
../Core/driver/src/i2c_driver.c:364:8:HAL_I2C_MspInit	48	static
../Core/driver/src/i2c_driver.c:396:8:I2C1_EV_IRQHandler	8	static
