../Core/driver/src/lcd_driver.c:408:25:lcd_driver_send_cmd	16	static
../Core/driver/src/lcd_driver.c:428:25:lcd_driver_send_data	16	static
../Core/driver/src/lcd_driver.c:448:19:lcd_driver_shift_buffer	24	static
../Core/driver/src/lcd_driver.c:484:19:lcd_driver_shift_reset	32	static
../Core/driver/src/lcd_driver.c:232:14:lcd_driver_display_text	36	static
../Core/driver/src/lcd_driver.c:285:14:lcd_driver_write_next_string	24	static
../Core/driver/src/lcd_driver.c:310:25:lcd_driver_write_string	24	static
../Core/driver/src/lcd_driver.c:345:25:lcd_driver_set_cursor	24	static
../Core/driver/src/lcd_driver.c:517:8:lcd_driver_first_line_handler	24	static
../Core/driver/src/lcd_driver.c:588:8:lcd_driver_second_line_handler	24	static
../Core/driver/src/lcd_driver.c:662:6:clear	8	static
../Core/driver/src/lcd_driver.c:399:14:lcd_driver_clear_display	8	static
../Core/driver/src/lcd_driver.c:667:6:home	8	static
../Core/driver/src/lcd_driver.c:672:6:setCursor	32	static
../Core/driver/src/lcd_driver.c:692:6:noDisplay	0	static
../Core/driver/src/lcd_driver.c:696:6:display	0	static
../Core/driver/src/lcd_driver.c:114:14:lcd_driver_init	16	static
../Core/driver/src/lcd_driver.c:755:6:createChar	16	static
../Core/driver/src/lcd_driver.c:780:13:command	0	static
../Core/driver/src/lcd_driver.c:784:13:write	0	static
../Core/driver/src/lcd_driver.c:810:6:load_custom_character	0	static
../Core/driver/src/lcd_driver.c:814:6:setBacklight	0	static
../Core/driver/src/lcd_driver.c:822:6:printstr	16	static
