../Core/driver/src/uart_driver.c:101:14:DRV_UART_Init	16	static
../Core/driver/src/uart_driver.c:144:9:DRV_UART_GetInstanceName	0	static
../Core/driver/src/uart_driver.c:171:17:DRV_UART_GetInstanceByName	16	static
../Core/driver/src/uart_driver.c:205:14:DRV_UART_InitKernelInstances	0	static
../Core/driver/src/uart_driver.c:232:14:DRV_UART_TraceTransmitUnsafe	24	static
../Core/driver/src/uart_driver.c:255:25:DRV_UART_TraceTransmit	24	static
../Core/driver/src/uart_driver.c:288:25:DRV_UART_Transmit	24	static
../Core/driver/src/uart_driver.c:320:25:DRV_UART_ReceiveCharTmo	32	static
../Core/driver/src/uart_driver.c:354:25:DRV_UART_ReceiveChar	24	static
../Core/driver/src/uart_driver.c:386:25:DRV_UART_ShellReceiveChar	24	static
../Core/driver/src/uart_driver.c:418:25:DRV_UART_ShellTransmitString	24	static
../Core/driver/src/uart_driver.c:447:25:X	0	static
../Core/driver/src/uart_driver.c:455:8:HAL_UART_MspInit	96	static
../Core/driver/src/uart_driver.c:568:8:USART1_IRQHandler	8	static
../Core/driver/src/uart_driver.c:580:8:USART2_IRQHandler	8	static
../Core/driver/src/uart_driver.c:592:8:USART3_IRQHandler	8	static
../Core/driver/src/uart_driver.c:604:8:UART4_IRQHandler	8	static
../Core/driver/src/uart_driver.c:616:8:UART5_IRQHandler	8	static
../Core/driver/src/uart_driver.c:628:8:USART6_IRQHandler	8	static
../Core/driver/src/uart_driver.c:640:8:HAL_UART_TxCpltCallback	0	static
../Core/driver/src/uart_driver.c:666:8:HAL_UART_RxCpltCallback	0	static
